Loaded 16 hoops from C:\Users\bcaul\Quanser-Arm\demos\hoop_positions.json
Picking hoop 1/16 at (-0.060,-0.230,0.108)
[SIM] move_joint_angles -> [-0.03, -0.003, 0.023, 0.03]
[SIM] move_joint_angles -> [-0.061, -0.007, 0.046, 0.061]
[SIM] move_joint_angles -> [-0.091, -0.01, 0.069, 0.091]
[SIM] move_joint_angles -> [-0.122, -0.013, 0.092, 0.122]
[SIM] move_joint_angles -> [-0.152, -0.017, 0.115, 0.152]
[SIM] move_joint_angles -> [-0.183, -0.02, 0.138, 0.183]
[SIM] move_joint_angles -> [-0.213, -0.023, 0.16, 0.213]
[SIM] move_joint_angles -> [-0.243, -0.027, 0.183, 0.243]
[SIM] move_joint_angles -> [-0.274, -0.03, 0.206, 0.274]
[SIM] move_joint_angles -> [-0.304, -0.033, 0.229, 0.304]
[SIM] move_joint_angles -> [-0.335, -0.037, 0.252, 0.335]
[SIM] move_joint_angles -> [-0.365, -0.04, 0.275, 0.365]
[SIM] move_joint_angles -> [-0.396, -0.043, 0.298, 0.396]
[SIM] move_joint_angles -> [-0.426, -0.047, 0.321, 0.426]
[SIM] move_joint_angles -> [-0.456, -0.05, 0.344, 0.456]
[SIM] move_joint_angles -> [-0.487, -0.053, 0.367, 0.487]
[SIM] move_joint_angles -> [-0.517, -0.057, 0.39, 0.517]
[SIM] move_joint_angles -> [-0.548, -0.06, 0.413, 0.548]
[SIM] move_joint_angles -> [-0.578, -0.063, 0.436, 0.578]
[SIM] move_joint_angles -> [-0.609, -0.067, 0.458, 0.609]
[SIM] move_joint_angles -> [-0.639, -0.07, 0.481, 0.639]
[SIM] move_joint_angles -> [-0.67, -0.073, 0.504, 0.67]
[SIM] move_joint_angles -> [-0.7, -0.077, 0.527, 0.7]
[SIM] move_joint_angles -> [-0.73, -0.08, 0.55, 0.73]
[SIM] move_joint_angles -> [-0.761, -0.083, 0.573, 0.761]
[SIM] move_joint_angles -> [-0.791, -0.087, 0.596, 0.791]
[SIM] move_joint_angles -> [-0.822, -0.09, 0.619, 0.822]
[SIM] move_joint_angles -> [-0.852, -0.093, 0.642, 0.852]
[SIM] move_joint_angles -> [-0.883, -0.097, 0.665, 0.883]
[SIM] move_joint_angles -> [-0.913, -0.1, 0.688, 0.913]
[SIM] move_joint_angles -> [-0.943, -0.103, 0.711, 0.943]
[SIM] move_joint_angles -> [-0.974, -0.107, 0.733, 0.974]
[SIM] move_joint_angles -> [-1.004, -0.11, 0.756, 1.004]
[SIM] move_joint_angles -> [-1.035, -0.113, 0.779, 1.035]
[SIM] move_joint_angles -> [-1.065, -0.117, 0.802, 1.065]
[SIM] move_joint_angles -> [-1.096, -0.12, 0.825, 1.096]
[SIM] move_joint_angles -> [-1.126, -0.123, 0.848, 1.126]
[SIM] move_joint_angles -> [-1.156, -0.127, 0.871, 1.156]
[SIM] move_joint_angles -> [-1.187, -0.13, 0.894, 1.187]
[SIM] move_joint_angles -> [-1.217, -0.133, 0.917, 1.217]
[SIM] move_joint_angles -> [-1.248, -0.137, 0.94, 1.248]
[SIM] move_joint_angles -> [-1.278, -0.14, 0.963, 1.278]
[SIM] move_joint_angles -> [-1.309, -0.143, 0.986, 1.309]
[SIM] move_joint_angles -> [-1.339, -0.147, 1.009, 1.339]
[SIM] move_joint_angles -> [-1.369, -0.15, 1.031, 1.369]
[SIM] move_joint_angles -> [-1.4, -0.153, 1.054, 1.4]
[SIM] move_joint_angles -> [-1.43, -0.157, 1.077, 1.43]
[SIM] move_joint_angles -> [-1.461, -0.16, 1.1, 1.461]
[SIM] move_joint_angles -> [-1.491, -0.163, 1.123, 1.491]
[SIM] move_joint_angles -> [-1.522, -0.167, 1.146, 1.522]
[SIM] move_joint_angles -> [-1.552, -0.17, 1.169, 1.552]
[SIM] move_joint_angles -> [-1.583, -0.173, 1.192, 1.583]
[SIM] move_joint_angles -> [-1.613, -0.176, 1.215, 1.613]
[SIM] move_joint_angles -> [-1.643, -0.18, 1.238, 1.643]
[SIM] move_joint_angles -> [-1.674, -0.183, 1.261, 1.674]
[SIM] move_joint_angles -> [-1.704, -0.186, 1.284, 1.704]
[SIM] move_joint_angles -> [-1.735, -0.19, 1.307, 1.735]
[SIM] move_joint_angles -> [-1.765, -0.193, 1.329, 1.765]
[SIM] move_joint_angles -> [-1.796, -0.196, 1.352, 1.796]
[SIM] move_joint_angles -> [-1.826, -0.2, 1.375, 1.826]
[SIM] move_joint_angles -> [-1.826, -0.181, 1.34, 1.826]
[SIM] move_joint_angles -> [-1.826, -0.162, 1.306, 1.826]
[SIM] move_joint_angles -> [-1.826, -0.143, 1.271, 1.826]
[SIM] move_joint_angles -> [-1.826, -0.124, 1.236, 1.826]
[SIM] move_joint_angles -> [-1.826, -0.105, 1.201, 1.826]
[SIM] move_joint_angles -> [-1.826, -0.085, 1.166, 1.826]
[SIM] move_joint_angles -> [-1.826, -0.066, 1.131, 1.826]
[SIM] move_joint_angles -> [-1.826, -0.047, 1.096, 1.826]
[SIM] move_joint_angles -> [-1.826, -0.028, 1.062, 1.826]
[SIM] move_joint_angles -> [-1.826, -0.009, 1.027, 1.826]
[SIM] move_joint_angles -> [-1.826, 0.01, 0.992, 1.826]
[SIM] move_joint_angles -> [-1.826, 0.029, 0.957, 1.826]
[SIM] move_joint_angles -> [-1.826, 0.048, 0.922, 1.826]
[SIM] move_joint_angles -> [-1.826, 0.067, 0.887, 1.826]
[SIM] move_joint_angles -> [-1.826, 0.086, 0.852, 1.826]
[SIM] move_joint_angles -> [-1.826, 0.105, 0.818, 1.826]
[SIM] move_joint_angles -> [-1.826, 0.124, 0.783, 1.826]
[SIM] move_joint_angles -> [-1.826, 0.143, 0.748, 1.826]
[SIM] move_joint_angles -> [-1.826, 0.162, 0.713, 1.826]
[SIM] move_joint_angles -> [-1.826, 0.181, 0.678, 1.826]
[SIM] move_joint_angles -> [-1.826, 0.2, 0.643, 1.826]
[SIM] move_joint_angles -> [-1.826, 0.219, 0.609, 1.826]
[SIM] move_joint_angles -> [-1.826, 0.238, 0.574, 1.826]
[SIM] move_joint_angles -> [-1.826, 0.257, 0.539, 1.826]
[SIM] move_joint_angles -> [-1.826, 0.277, 0.504, 1.826]
[SIM] move_joint_angles -> [-1.826, 0.296, 0.469, 1.826]
[SIM] move_joint_angles -> [-1.826, 0.315, 0.434, 1.826]
[SIM] move_joint_angles -> [-1.826, 0.334, 0.399, 1.826]
[SIM] move_joint_angles -> [-1.826, 0.353, 0.365, 1.826]
[SIM] move_joint_angles -> [-1.826, 0.372, 0.33, 1.826]
[SIM] move_joint_angles -> [-1.826, 0.391, 0.295, 1.826]
[SIM] move_joint_angles -> [-1.826, 0.41, 0.26, 1.826]
[SIM] move_joint_angles -> [-1.826, 0.429, 0.225, 1.826]
[SIM] move_joint_angles -> [-1.826, 0.448, 0.19, 1.826]
[SIM] move_joint_angles -> [-1.826, 0.467, 0.155, 1.826]
[SIM] move_joint_angles -> [-1.826, 0.486, 0.121, 1.826]
[SIM] move_joint_angles -> [-1.826, 0.505, 0.086, 1.826]
[SIM] move_joint_angles -> [-1.826, 0.524, 0.051, 1.826]
[SIM] move_joint_angles -> [-1.826, 0.543, 0.016, 1.826]
[SIM] move_joint_angles -> [-1.826, 0.562, -0.019, 1.826]
[SIM] move_joint_angles -> [-1.826, 0.581, -0.054, 1.826]
[SIM] move_joint_angles -> [-1.826, 0.6, -0.089, 1.826]
[SIM] move_joint_angles -> [-1.826, 0.62, -0.123, 1.826]
[SIM] move_joint_angles -> [-1.826, 0.639, -0.158, 1.826]
[SIM] move_joint_angles -> [-1.826, 0.658, -0.193, 1.826]
[SIM] move_joint_angles -> [-1.826, 0.677, -0.228, 1.826]
[SIM] move_joint_angles -> [-1.826, 0.696, -0.263, 1.826]
[SIM] move_joint_angles -> [-1.826, 0.715, -0.298, 1.826]
[SIM] move_joint_angles -> [-1.826, 0.734, -0.333, 1.826]
[SIM] move_joint_angles -> [-1.826, 0.753, -0.367, 1.826]
[SIM] move_joint_angles -> [-1.826, 0.772, -0.402, 1.826]
[SIM] move_joint_angles -> [-1.826, 0.791, -0.437, 1.826]
[SIM] move_joint_angles -> [-1.826, 0.81, -0.472, 1.826]
[SIM] move_joint_angles -> [-1.826, 0.829, -0.507, 1.826]
[SIM] move_joint_angles -> [-1.826, 0.848, -0.542, 1.826]
[SIM] move_joint_angles -> [-1.826, 0.867, -0.577, 1.826]
[SIM] move_joint_angles -> [-1.826, 0.886, -0.611, 1.826]
[SIM] move_joint_angles -> [-1.826, 0.905, -0.646, 1.826]
[SIM] move_joint_angles -> [-1.826, 0.924, -0.681, 1.826]
[SIM] move_joint_angles -> [-1.826, 0.943, -0.716, 1.826]
[SIM] gripper -> CLOSE
[SIM] move_joint_angles -> [-1.826, 0.924, -0.681, 1.826]
[SIM] move_joint_angles -> [-1.826, 0.905, -0.646, 1.826]
[SIM] move_joint_angles -> [-1.826, 0.886, -0.611, 1.826]
[SIM] move_joint_angles -> [-1.826, 0.867, -0.577, 1.826]
[SIM] move_joint_angles -> [-1.826, 0.848, -0.542, 1.826]
[SIM] move_joint_angles -> [-1.826, 0.829, -0.507, 1.826]
[SIM] move_joint_angles -> [-1.826, 0.81, -0.472, 1.826]
[SIM] move_joint_angles -> [-1.826, 0.791, -0.437, 1.826]
[SIM] move_joint_angles -> [-1.826, 0.772, -0.402, 1.826]
[SIM] move_joint_angles -> [-1.826, 0.753, -0.367, 1.826]
[SIM] move_joint_angles -> [-1.826, 0.734, -0.333, 1.826]
[SIM] move_joint_angles -> [-1.826, 0.715, -0.298, 1.826]
[SIM] move_joint_angles -> [-1.826, 0.696, -0.263, 1.826]
[SIM] move_joint_angles -> [-1.826, 0.677, -0.228, 1.826]
[SIM] move_joint_angles -> [-1.826, 0.658, -0.193, 1.826]
[SIM] move_joint_angles -> [-1.826, 0.639, -0.158, 1.826]
[SIM] move_joint_angles -> [-1.826, 0.62, -0.123, 1.826]
[SIM] move_joint_angles -> [-1.826, 0.6, -0.089, 1.826]
[SIM] move_joint_angles -> [-1.826, 0.581, -0.054, 1.826]
[SIM] move_joint_angles -> [-1.826, 0.562, -0.019, 1.826]
[SIM] move_joint_angles -> [-1.826, 0.543, 0.016, 1.826]
[SIM] move_joint_angles -> [-1.826, 0.524, 0.051, 1.826]
[SIM] move_joint_angles -> [-1.826, 0.505, 0.086, 1.826]
[SIM] move_joint_angles -> [-1.826, 0.486, 0.121, 1.826]
[SIM] move_joint_angles -> [-1.826, 0.467, 0.155, 1.826]
[SIM] move_joint_angles -> [-1.826, 0.448, 0.19, 1.826]
[SIM] move_joint_angles -> [-1.826, 0.429, 0.225, 1.826]
[SIM] move_joint_angles -> [-1.826, 0.41, 0.26, 1.826]
[SIM] move_joint_angles -> [-1.826, 0.391, 0.295, 1.826]
[SIM] move_joint_angles -> [-1.826, 0.372, 0.33, 1.826]
[SIM] move_joint_angles -> [-1.826, 0.353, 0.365, 1.826]
[SIM] move_joint_angles -> [-1.826, 0.334, 0.399, 1.826]
[SIM] move_joint_angles -> [-1.826, 0.315, 0.434, 1.826]
[SIM] move_joint_angles -> [-1.826, 0.296, 0.469, 1.826]
[SIM] move_joint_angles -> [-1.826, 0.277, 0.504, 1.826]
[SIM] move_joint_angles -> [-1.826, 0.257, 0.539, 1.826]
[SIM] move_joint_angles -> [-1.826, 0.238, 0.574, 1.826]
[SIM] move_joint_angles -> [-1.826, 0.219, 0.609, 1.826]
[SIM] move_joint_angles -> [-1.826, 0.2, 0.643, 1.826]
[SIM] move_joint_angles -> [-1.826, 0.181, 0.678, 1.826]
[SIM] move_joint_angles -> [-1.826, 0.162, 0.713, 1.826]
[SIM] move_joint_angles -> [-1.826, 0.143, 0.748, 1.826]
[SIM] move_joint_angles -> [-1.826, 0.124, 0.783, 1.826]
[SIM] move_joint_angles -> [-1.826, 0.105, 0.818, 1.826]
[SIM] move_joint_angles -> [-1.826, 0.086, 0.852, 1.826]
[SIM] move_joint_angles -> [-1.826, 0.067, 0.887, 1.826]
[SIM] move_joint_angles -> [-1.826, 0.048, 0.922, 1.826]
[SIM] move_joint_angles -> [-1.826, 0.029, 0.957, 1.826]
[SIM] move_joint_angles -> [-1.826, 0.01, 0.992, 1.826]
[SIM] move_joint_angles -> [-1.826, -0.009, 1.027, 1.826]
[SIM] move_joint_angles -> [-1.826, -0.028, 1.062, 1.826]
[SIM] move_joint_angles -> [-1.826, -0.047, 1.096, 1.826]
[SIM] move_joint_angles -> [-1.826, -0.066, 1.131, 1.826]
[SIM] move_joint_angles -> [-1.826, -0.085, 1.166, 1.826]
[SIM] move_joint_angles -> [-1.826, -0.105, 1.201, 1.826]
[SIM] move_joint_angles -> [-1.826, -0.124, 1.236, 1.826]
[SIM] move_joint_angles -> [-1.826, -0.143, 1.271, 1.826]
[SIM] move_joint_angles -> [-1.826, -0.162, 1.306, 1.826]
[SIM] move_joint_angles -> [-1.826, -0.181, 1.34, 1.826]
[SIM] move_joint_angles -> [-1.826, -0.2, 1.375, 1.826]
  -> picked, moving to pole at (0.0, -0.3, 0.15)
[SIM] move_joint_angles -> [-1.822, -0.173, 1.331, 1.822]
[SIM] move_joint_angles -> [-1.817, -0.146, 1.287, 1.817]
[SIM] move_joint_angles -> [-1.813, -0.12, 1.243, 1.813]
[SIM] move_joint_angles -> [-1.809, -0.093, 1.199, 1.809]
[SIM] move_joint_angles -> [-1.805, -0.067, 1.155, 1.805]
[SIM] move_joint_angles -> [-1.8, -0.04, 1.111, 1.8]
[SIM] move_joint_angles -> [-1.796, -0.013, 1.067, 1.796]
[SIM] move_joint_angles -> [-1.792, 0.013, 1.023, 1.792]
[SIM] move_joint_angles -> [-1.788, 0.04, 0.979, 1.788]
[SIM] move_joint_angles -> [-1.783, 0.067, 0.935, 1.783]
[SIM] move_joint_angles -> [-1.779, 0.093, 0.891, 1.779]
[SIM] move_joint_angles -> [-1.775, 0.12, 0.847, 1.775]
[SIM] move_joint_angles -> [-1.771, 0.147, 0.803, 1.771]
[SIM] move_joint_angles -> [-1.766, 0.173, 0.759, 1.766]
[SIM] move_joint_angles -> [-1.762, 0.2, 0.715, 1.762]
[SIM] move_joint_angles -> [-1.758, 0.227, 0.672, 1.758]
[SIM] move_joint_angles -> [-1.754, 0.253, 0.628, 1.754]
[SIM] move_joint_angles -> [-1.749, 0.28, 0.584, 1.749]
[SIM] move_joint_angles -> [-1.745, 0.307, 0.54, 1.745]
[SIM] move_joint_angles -> [-1.741, 0.333, 0.496, 1.741]
[SIM] move_joint_angles -> [-1.737, 0.36, 0.452, 1.737]
[SIM] move_joint_angles -> [-1.732, 0.387, 0.408, 1.732]
[SIM] move_joint_angles -> [-1.728, 0.413, 0.364, 1.728]
[SIM] move_joint_angles -> [-1.724, 0.44, 0.32, 1.724]
[SIM] move_joint_angles -> [-1.72, 0.467, 0.276, 1.72]
[SIM] move_joint_angles -> [-1.715, 0.493, 0.232, 1.715]
[SIM] move_joint_angles -> [-1.711, 0.52, 0.188, 1.711]
[SIM] move_joint_angles -> [-1.707, 0.547, 0.144, 1.707]
[SIM] move_joint_angles -> [-1.703, 0.573, 0.1, 1.703]
[SIM] move_joint_angles -> [-1.698, 0.6, 0.056, 1.698]
[SIM] move_joint_angles -> [-1.694, 0.627, 0.012, 1.694]
[SIM] move_joint_angles -> [-1.69, 0.653, -0.032, 1.69]
[SIM] move_joint_angles -> [-1.686, 0.68, -0.076, 1.686]
[SIM] move_joint_angles -> [-1.681, 0.707, -0.12, 1.681]
[SIM] move_joint_angles -> [-1.677, 0.733, -0.164, 1.677]
[SIM] move_joint_angles -> [-1.673, 0.76, -0.208, 1.673]
[SIM] move_joint_angles -> [-1.669, 0.787, -0.252, 1.669]
[SIM] move_joint_angles -> [-1.664, 0.813, -0.296, 1.664]
[SIM] move_joint_angles -> [-1.66, 0.84, -0.34, 1.66]
[SIM] move_joint_angles -> [-1.656, 0.867, -0.384, 1.656]
[SIM] move_joint_angles -> [-1.652, 0.893, -0.428, 1.652]
[SIM] move_joint_angles -> [-1.647, 0.92, -0.472, 1.647]
[SIM] move_joint_angles -> [-1.643, 0.946, -0.516, 1.643]
[SIM] move_joint_angles -> [-1.639, 0.973, -0.56, 1.639]
[SIM] move_joint_angles -> [-1.635, 1.0, -0.604, 1.635]
[SIM] move_joint_angles -> [-1.63, 1.026, -0.648, 1.63]
[SIM] move_joint_angles -> [-1.626, 1.053, -0.692, 1.626]
[SIM] move_joint_angles -> [-1.622, 1.08, -0.736, 1.622]
[SIM] move_joint_angles -> [-1.618, 1.106, -0.78, 1.618]
[SIM] move_joint_angles -> [-1.613, 1.133, -0.824, 1.613]
[SIM] move_joint_angles -> [-1.609, 1.16, -0.868, 1.609]
[SIM] move_joint_angles -> [-1.605, 1.186, -0.912, 1.605]
[SIM] move_joint_angles -> [-1.601, 1.213, -0.956, 1.601]
[SIM] move_joint_angles -> [-1.596, 1.24, -1.0, 1.596]
[SIM] move_joint_angles -> [-1.592, 1.266, -1.044, 1.592]
[SIM] move_joint_angles -> [-1.588, 1.293, -1.088, 1.588]
[SIM] move_joint_angles -> [-1.584, 1.32, -1.132, 1.584]
[SIM] move_joint_angles -> [-1.579, 1.346, -1.176, 1.579]
[SIM] move_joint_angles -> [-1.575, 1.373, -1.22, 1.575]
[SIM] move_joint_angles -> [-1.571, 1.4, -1.264, 1.571]
[SIM] gripper -> OPEN
  -> placed hoop 1
Picking hoop 2/16 at (0.000,-0.340,0.108)
[SIM] move_joint_angles -> [-1.571, 1.399, -1.267, 1.571]
[SIM] move_joint_angles -> [-1.571, 1.399, -1.269, 1.571]
[SIM] move_joint_angles -> [-1.571, 1.398, -1.272, 1.571]
[SIM] move_joint_angles -> [-1.571, 1.398, -1.274, 1.571]
[SIM] move_joint_angles -> [-1.571, 1.397, -1.277, 1.571]
[SIM] move_joint_angles -> [-1.571, 1.397, -1.279, 1.571]
[SIM] move_joint_angles -> [-1.571, 1.396, -1.282, 1.571]
[SIM] move_joint_angles -> [-1.571, 1.396, -1.285, 1.571]
[SIM] move_joint_angles -> [-1.571, 1.395, -1.287, 1.571]
[SIM] move_joint_angles -> [-1.571, 1.395, -1.29, 1.571]
[SIM] move_joint_angles -> [-1.571, 1.394, -1.292, 1.571]
[SIM] move_joint_angles -> [-1.571, 1.394, -1.295, 1.571]
[SIM] move_joint_angles -> [-1.571, 1.393, -1.298, 1.571]
[SIM] move_joint_angles -> [-1.571, 1.393, -1.3, 1.571]
[SIM] move_joint_angles -> [-1.571, 1.392, -1.303, 1.571]
[SIM] move_joint_angles -> [-1.571, 1.392, -1.305, 1.571]
[SIM] move_joint_angles -> [-1.571, 1.391, -1.308, 1.571]
[SIM] move_joint_angles -> [-1.571, 1.391, -1.31, 1.571]
[SIM] move_joint_angles -> [-1.571, 1.39, -1.313, 1.571]
[SIM] move_joint_angles -> [-1.571, 1.39, -1.316, 1.571]
[SIM] move_joint_angles -> [-1.571, 1.389, -1.318, 1.571]
[SIM] move_joint_angles -> [-1.571, 1.389, -1.321, 1.571]
[SIM] move_joint_angles -> [-1.571, 1.388, -1.323, 1.571]
[SIM] move_joint_angles -> [-1.571, 1.388, -1.326, 1.571]
[SIM] move_joint_angles -> [-1.571, 1.387, -1.328, 1.571]
[SIM] move_joint_angles -> [-1.571, 1.387, -1.331, 1.571]
[SIM] move_joint_angles -> [-1.571, 1.386, -1.334, 1.571]
[SIM] move_joint_angles -> [-1.571, 1.386, -1.336, 1.571]
[SIM] move_joint_angles -> [-1.571, 1.385, -1.339, 1.571]
[SIM] move_joint_angles -> [-1.571, 1.385, -1.341, 1.571]
[SIM] move_joint_angles -> [-1.571, 1.384, -1.344, 1.571]
[SIM] move_joint_angles -> [-1.571, 1.384, -1.347, 1.571]
[SIM] move_joint_angles -> [-1.571, 1.383, -1.349, 1.571]
[SIM] move_joint_angles -> [-1.571, 1.383, -1.352, 1.571]
[SIM] move_joint_angles -> [-1.571, 1.382, -1.354, 1.571]
[SIM] move_joint_angles -> [-1.571, 1.382, -1.357, 1.571]
[SIM] move_joint_angles -> [-1.571, 1.381, -1.359, 1.571]
[SIM] move_joint_angles -> [-1.571, 1.381, -1.362, 1.571]
[SIM] move_joint_angles -> [-1.571, 1.38, -1.365, 1.571]
[SIM] move_joint_angles -> [-1.571, 1.38, -1.367, 1.571]
[SIM] move_joint_angles -> [-1.571, 1.379, -1.37, 1.571]
[SIM] move_joint_angles -> [-1.571, 1.379, -1.372, 1.571]
[SIM] move_joint_angles -> [-1.571, 1.378, -1.375, 1.571]
[SIM] move_joint_angles -> [-1.571, 1.378, -1.378, 1.571]
[SIM] move_joint_angles -> [-1.571, 1.377, -1.38, 1.571]
[SIM] move_joint_angles -> [-1.571, 1.377, -1.383, 1.571]
[SIM] move_joint_angles -> [-1.571, 1.376, -1.385, 1.571]
[SIM] move_joint_angles -> [-1.571, 1.376, -1.388, 1.571]
[SIM] move_joint_angles -> [-1.571, 1.375, -1.39, 1.571]
[SIM] move_joint_angles -> [-1.571, 1.375, -1.393, 1.571]
[SIM] move_joint_angles -> [-1.571, 1.374, -1.396, 1.571]
[SIM] move_joint_angles -> [-1.571, 1.374, -1.398, 1.571]
[SIM] move_joint_angles -> [-1.571, 1.373, -1.401, 1.571]
[SIM] move_joint_angles -> [-1.571, 1.373, -1.403, 1.571]
[SIM] move_joint_angles -> [-1.571, 1.372, -1.406, 1.571]
[SIM] move_joint_angles -> [-1.571, 1.372, -1.409, 1.571]
[SIM] move_joint_angles -> [-1.571, 1.371, -1.411, 1.571]
[SIM] move_joint_angles -> [-1.571, 1.371, -1.414, 1.571]
[SIM] move_joint_angles -> [-1.571, 1.37, -1.416, 1.571]
[SIM] move_joint_angles -> [-1.571, 1.37, -1.419, 1.571]
[SIM] move_joint_angles -> [-1.571, 1.37, -1.419, 1.571]
[SIM] move_joint_angles -> [-1.571, 1.37, -1.419, 1.571]
[SIM] move_joint_angles -> [-1.571, 1.37, -1.419, 1.571]
[SIM] move_joint_angles -> [-1.571, 1.37, -1.419, 1.571]
[SIM] move_joint_angles -> [-1.571, 1.37, -1.419, 1.571]
[SIM] move_joint_angles -> [-1.571, 1.37, -1.419, 1.571]
[SIM] move_joint_angles -> [-1.571, 1.37, -1.419, 1.571]
[SIM] move_joint_angles -> [-1.571, 1.37, -1.419, 1.571]
[SIM] move_joint_angles -> [-1.571, 1.37, -1.419, 1.571]
[SIM] move_joint_angles -> [-1.571, 1.37, -1.419, 1.571]
[SIM] move_joint_angles -> [-1.571, 1.37, -1.419, 1.571]
[SIM] move_joint_angles -> [-1.571, 1.37, -1.419, 1.571]
[SIM] move_joint_angles -> [-1.571, 1.37, -1.419, 1.571]
[SIM] move_joint_angles -> [-1.571, 1.37, -1.419, 1.571]
[SIM] move_joint_angles -> [-1.571, 1.37, -1.419, 1.571]
[SIM] move_joint_angles -> [-1.571, 1.37, -1.419, 1.571]
[SIM] move_joint_angles -> [-1.571, 1.37, -1.419, 1.571]
[SIM] move_joint_angles -> [-1.571, 1.37, -1.419, 1.571]
[SIM] move_joint_angles -> [-1.571, 1.37, -1.419, 1.571]
[SIM] move_joint_angles -> [-1.571, 1.37, -1.419, 1.571]
[SIM] move_joint_angles -> [-1.571, 1.37, -1.419, 1.571]
[SIM] move_joint_angles -> [-1.571, 1.37, -1.419, 1.571]
[SIM] move_joint_angles -> [-1.571, 1.37, -1.419, 1.571]
[SIM] move_joint_angles -> [-1.571, 1.37, -1.419, 1.571]
[SIM] move_joint_angles -> [-1.571, 1.37, -1.419, 1.571]
[SIM] move_joint_angles -> [-1.571, 1.37, -1.419, 1.571]
[SIM] move_joint_angles -> [-1.571, 1.37, -1.419, 1.571]
[SIM] move_joint_angles -> [-1.571, 1.37, -1.419, 1.571]
[SIM] move_joint_angles -> [-1.571, 1.37, -1.419, 1.571]
[SIM] move_joint_angles -> [-1.571, 1.37, -1.419, 1.571]
[SIM] move_joint_angles -> [-1.571, 1.37, -1.419, 1.571]
[SIM] move_joint_angles -> [-1.571, 1.37, -1.419, 1.571]
[SIM] move_joint_angles -> [-1.571, 1.37, -1.419, 1.571]
[SIM] move_joint_angles -> [-1.571, 1.37, -1.419, 1.571]
[SIM] move_joint_angles -> [-1.571, 1.37, -1.419, 1.571]
[SIM] move_joint_angles -> [-1.571, 1.37, -1.419, 1.571]
[SIM] move_joint_angles -> [-1.571, 1.37, -1.419, 1.571]
[SIM] move_joint_angles -> [-1.571, 1.37, -1.419, 1.571]
[SIM] move_joint_angles -> [-1.571, 1.37, -1.419, 1.571]
[SIM] move_joint_angles -> [-1.571, 1.37, -1.419, 1.571]
[SIM] move_joint_angles -> [-1.571, 1.37, -1.419, 1.571]
[SIM] move_joint_angles -> [-1.571, 1.37, -1.419, 1.571]
[SIM] move_joint_angles -> [-1.571, 1.37, -1.419, 1.571]
[SIM] move_joint_angles -> [-1.571, 1.37, -1.419, 1.571]
[SIM] move_joint_angles -> [-1.571, 1.37, -1.419, 1.571]
[SIM] move_joint_angles -> [-1.571, 1.37, -1.419, 1.571]
[SIM] move_joint_angles -> [-1.571, 1.37, -1.419, 1.571]
[SIM] move_joint_angles -> [-1.571, 1.37, -1.419, 1.571]
[SIM] move_joint_angles -> [-1.571, 1.37, -1.419, 1.571]
[SIM] move_joint_angles -> [-1.571, 1.37, -1.419, 1.571]
[SIM] move_joint_angles -> [-1.571, 1.37, -1.419, 1.571]
[SIM] move_joint_angles -> [-1.571, 1.37, -1.419, 1.571]
[SIM] move_joint_angles -> [-1.571, 1.37, -1.419, 1.571]
[SIM] move_joint_angles -> [-1.571, 1.37, -1.419, 1.571]
[SIM] move_joint_angles -> [-1.571, 1.37, -1.419, 1.571]
[SIM] move_joint_angles -> [-1.571, 1.37, -1.419, 1.571]
[SIM] move_joint_angles -> [-1.571, 1.37, -1.419, 1.571]
[SIM] move_joint_angles -> [-1.571, 1.37, -1.419, 1.571]
[SIM] move_joint_angles -> [-1.571, 1.37, -1.419, 1.571]
[SIM] move_joint_angles -> [-1.571, 1.37, -1.419, 1.571]
[SIM] gripper -> CLOSE
[SIM] move_joint_angles -> [-1.571, 1.37, -1.419, 1.571]
[SIM] move_joint_angles -> [-1.571, 1.37, -1.419, 1.571]
[SIM] move_joint_angles -> [-1.571, 1.37, -1.419, 1.571]
[SIM] move_joint_angles -> [-1.571, 1.37, -1.419, 1.571]
[SIM] move_joint_angles -> [-1.571, 1.37, -1.419, 1.571]
[SIM] move_joint_angles -> [-1.571, 1.37, -1.419, 1.571]
[SIM] move_joint_angles -> [-1.571, 1.37, -1.419, 1.571]
[SIM] move_joint_angles -> [-1.571, 1.37, -1.419, 1.571]
[SIM] move_joint_angles -> [-1.571, 1.37, -1.419, 1.571]
[SIM] move_joint_angles -> [-1.571, 1.37, -1.419, 1.571]
[SIM] move_joint_angles -> [-1.571, 1.37, -1.419, 1.571]
[SIM] move_joint_angles -> [-1.571, 1.37, -1.419, 1.571]
[SIM] move_joint_angles -> [-1.571, 1.37, -1.419, 1.571]
[SIM] move_joint_angles -> [-1.571, 1.37, -1.419, 1.571]
[SIM] move_joint_angles -> [-1.571, 1.37, -1.419, 1.571]
[SIM] move_joint_angles -> [-1.571, 1.37, -1.419, 1.571]
[SIM] move_joint_angles -> [-1.571, 1.37, -1.419, 1.571]
[SIM] move_joint_angles -> [-1.571, 1.37, -1.419, 1.571]
[SIM] move_joint_angles -> [-1.571, 1.37, -1.419, 1.571]
[SIM] move_joint_angles -> [-1.571, 1.37, -1.419, 1.571]
[SIM] move_joint_angles -> [-1.571, 1.37, -1.419, 1.571]
[SIM] move_joint_angles -> [-1.571, 1.37, -1.419, 1.571]
[SIM] move_joint_angles -> [-1.571, 1.37, -1.419, 1.571]
[SIM] move_joint_angles -> [-1.571, 1.37, -1.419, 1.571]
[SIM] move_joint_angles -> [-1.571, 1.37, -1.419, 1.571]
[SIM] move_joint_angles -> [-1.571, 1.37, -1.419, 1.571]
[SIM] move_joint_angles -> [-1.571, 1.37, -1.419, 1.571]
[SIM] move_joint_angles -> [-1.571, 1.37, -1.419, 1.571]
[SIM] move_joint_angles -> [-1.571, 1.37, -1.419, 1.571]
[SIM] move_joint_angles -> [-1.571, 1.37, -1.419, 1.571]
[SIM] move_joint_angles -> [-1.571, 1.37, -1.419, 1.571]
[SIM] move_joint_angles -> [-1.571, 1.37, -1.419, 1.571]
[SIM] move_joint_angles -> [-1.571, 1.37, -1.419, 1.571]
[SIM] move_joint_angles -> [-1.571, 1.37, -1.419, 1.571]
[SIM] move_joint_angles -> [-1.571, 1.37, -1.419, 1.571]
[SIM] move_joint_angles -> [-1.571, 1.37, -1.419, 1.571]
[SIM] move_joint_angles -> [-1.571, 1.37, -1.419, 1.571]
[SIM] move_joint_angles -> [-1.571, 1.37, -1.419, 1.571]
[SIM] move_joint_angles -> [-1.571, 1.37, -1.419, 1.571]
[SIM] move_joint_angles -> [-1.571, 1.37, -1.419, 1.571]
[SIM] move_joint_angles -> [-1.571, 1.37, -1.419, 1.571]
[SIM] move_joint_angles -> [-1.571, 1.37, -1.419, 1.571]
[SIM] move_joint_angles -> [-1.571, 1.37, -1.419, 1.571]
[SIM] move_joint_angles -> [-1.571, 1.37, -1.419, 1.571]
[SIM] move_joint_angles -> [-1.571, 1.37, -1.419, 1.571]
[SIM] move_joint_angles -> [-1.571, 1.37, -1.419, 1.571]
[SIM] move_joint_angles -> [-1.571, 1.37, -1.419, 1.571]
[SIM] move_joint_angles -> [-1.571, 1.37, -1.419, 1.571]
[SIM] move_joint_angles -> [-1.571, 1.37, -1.419, 1.571]
[SIM] move_joint_angles -> [-1.571, 1.37, -1.419, 1.571]
[SIM] move_joint_angles -> [-1.571, 1.37, -1.419, 1.571]
[SIM] move_joint_angles -> [-1.571, 1.37, -1.419, 1.571]
[SIM] move_joint_angles -> [-1.571, 1.37, -1.419, 1.571]
[SIM] move_joint_angles -> [-1.571, 1.37, -1.419, 1.571]
[SIM] move_joint_angles -> [-1.571, 1.37, -1.419, 1.571]
[SIM] move_joint_angles -> [-1.571, 1.37, -1.419, 1.571]
[SIM] move_joint_angles -> [-1.571, 1.37, -1.419, 1.571]
[SIM] move_joint_angles -> [-1.571, 1.37, -1.419, 1.571]
[SIM] move_joint_angles -> [-1.571, 1.37, -1.419, 1.571]
[SIM] move_joint_angles -> [-1.571, 1.37, -1.419, 1.571]
  -> picked, moving to pole at (0.0, -0.3, 0.15)
[SIM] move_joint_angles -> [-1.571, 1.37, -1.416, 1.571]
[SIM] move_joint_angles -> [-1.571, 1.371, -1.414, 1.571]
[SIM] move_joint_angles -> [-1.571, 1.371, -1.411, 1.571]
[SIM] move_joint_angles -> [-1.571, 1.372, -1.409, 1.571]
[SIM] move_joint_angles -> [-1.571, 1.372, -1.406, 1.571]
[SIM] move_joint_angles -> [-1.571, 1.373, -1.403, 1.571]
[SIM] move_joint_angles -> [-1.571, 1.373, -1.401, 1.571]
[SIM] move_joint_angles -> [-1.571, 1.374, -1.398, 1.571]
[SIM] move_joint_angles -> [-1.571, 1.374, -1.396, 1.571]
[SIM] move_joint_angles -> [-1.571, 1.375, -1.393, 1.571]
[SIM] move_joint_angles -> [-1.571, 1.375, -1.39, 1.571]
[SIM] move_joint_angles -> [-1.571, 1.376, -1.388, 1.571]
[SIM] move_joint_angles -> [-1.571, 1.376, -1.385, 1.571]
[SIM] move_joint_angles -> [-1.571, 1.377, -1.383, 1.571]
[SIM] move_joint_angles -> [-1.571, 1.377, -1.38, 1.571]
[SIM] move_joint_angles -> [-1.571, 1.378, -1.378, 1.571]
[SIM] move_joint_angles -> [-1.571, 1.378, -1.375, 1.571]
[SIM] move_joint_angles -> [-1.571, 1.379, -1.372, 1.571]
[SIM] move_joint_angles -> [-1.571, 1.379, -1.37, 1.571]
[SIM] move_joint_angles -> [-1.571, 1.38, -1.367, 1.571]
[SIM] move_joint_angles -> [-1.571, 1.38, -1.365, 1.571]
[SIM] move_joint_angles -> [-1.571, 1.381, -1.362, 1.571]
[SIM] move_joint_angles -> [-1.571, 1.381, -1.359, 1.571]
[SIM] move_joint_angles -> [-1.571, 1.382, -1.357, 1.571]
[SIM] move_joint_angles -> [-1.571, 1.382, -1.354, 1.571]
[SIM] move_joint_angles -> [-1.571, 1.383, -1.352, 1.571]
[SIM] move_joint_angles -> [-1.571, 1.383, -1.349, 1.571]
[SIM] move_joint_angles -> [-1.571, 1.384, -1.347, 1.571]
[SIM] move_joint_angles -> [-1.571, 1.384, -1.344, 1.571]
[SIM] move_joint_angles -> [-1.571, 1.385, -1.341, 1.571]
[SIM] move_joint_angles -> [-1.571, 1.385, -1.339, 1.571]
[SIM] move_joint_angles -> [-1.571, 1.386, -1.336, 1.571]
[SIM] move_joint_angles -> [-1.571, 1.386, -1.334, 1.571]
[SIM] move_joint_angles -> [-1.571, 1.387, -1.331, 1.571]
[SIM] move_joint_angles -> [-1.571, 1.387, -1.328, 1.571]
[SIM] move_joint_angles -> [-1.571, 1.388, -1.326, 1.571]
[SIM] move_joint_angles -> [-1.571, 1.388, -1.323, 1.571]
[SIM] move_joint_angles -> [-1.571, 1.389, -1.321, 1.571]
[SIM] move_joint_angles -> [-1.571, 1.389, -1.318, 1.571]
[SIM] move_joint_angles -> [-1.571, 1.39, -1.316, 1.571]
[SIM] move_joint_angles -> [-1.571, 1.39, -1.313, 1.571]
[SIM] move_joint_angles -> [-1.571, 1.391, -1.31, 1.571]
[SIM] move_joint_angles -> [-1.571, 1.391, -1.308, 1.571]
[SIM] move_joint_angles -> [-1.571, 1.392, -1.305, 1.571]
[SIM] move_joint_angles -> [-1.571, 1.392, -1.303, 1.571]
[SIM] move_joint_angles -> [-1.571, 1.393, -1.3, 1.571]
[SIM] move_joint_angles -> [-1.571, 1.393, -1.298, 1.571]
[SIM] move_joint_angles -> [-1.571, 1.394, -1.295, 1.571]
[SIM] move_joint_angles -> [-1.571, 1.394, -1.292, 1.571]
[SIM] move_joint_angles -> [-1.571, 1.395, -1.29, 1.571]
[SIM] move_joint_angles -> [-1.571, 1.395, -1.287, 1.571]
[SIM] move_joint_angles -> [-1.571, 1.396, -1.285, 1.571]
[SIM] move_joint_angles -> [-1.571, 1.396, -1.282, 1.571]
[SIM] move_joint_angles -> [-1.571, 1.397, -1.279, 1.571]
[SIM] move_joint_angles -> [-1.571, 1.397, -1.277, 1.571]
[SIM] move_joint_angles -> [-1.571, 1.398, -1.274, 1.571]
[SIM] move_joint_angles -> [-1.571, 1.398, -1.272, 1.571]
[SIM] move_joint_angles -> [-1.571, 1.399, -1.269, 1.571]
[SIM] move_joint_angles -> [-1.571, 1.399, -1.267, 1.571]
[SIM] move_joint_angles -> [-1.571, 1.4, -1.264, 1.571]
[SIM] gripper -> OPEN
  -> placed hoop 2
Picking hoop 3/16 at (-0.140,-0.340,0.108)
  -> unreachable, skipping
Picking hoop 4/16 at (-0.080,-0.450,0.108)
  -> unreachable, skipping
Picking hoop 5/16 at (0.040,-0.470,0.108)
  -> unreachable, skipping
Picking hoop 6/16 at (0.080,-0.570,0.108)
  -> unreachable, skipping
Picking hoop 7/16 at (0.180,-0.495,0.108)
  -> unreachable, skipping
Picking hoop 8/16 at (0.320,0.070,0.108)
[SIM] move_joint_angles -> [-1.541, 1.365, -1.218, 1.541]
[SIM] move_joint_angles -> [-1.511, 1.331, -1.173, 1.511]
[SIM] move_joint_angles -> [-1.481, 1.297, -1.127, 1.481]
[SIM] move_joint_angles -> [-1.452, 1.263, -1.082, 1.452]
[SIM] move_joint_angles -> [-1.422, 1.228, -1.036, 1.422]
[SIM] move_joint_angles -> [-1.392, 1.194, -0.991, 1.392]
[SIM] move_joint_angles -> [-1.362, 1.16, -0.945, 1.362]
[SIM] move_joint_angles -> [-1.333, 1.126, -0.899, 1.333]
[SIM] move_joint_angles -> [-1.303, 1.091, -0.854, 1.303]
[SIM] move_joint_angles -> [-1.273, 1.057, -0.808, 1.273]
[SIM] move_joint_angles -> [-1.243, 1.023, -0.763, 1.243]
[SIM] move_joint_angles -> [-1.214, 0.989, -0.717, 1.214]
[SIM] move_joint_angles -> [-1.184, 0.954, -0.672, 1.184]
[SIM] move_joint_angles -> [-1.154, 0.92, -0.626, 1.154]
[SIM] move_joint_angles -> [-1.124, 0.886, -0.58, 1.124]
[SIM] move_joint_angles -> [-1.094, 0.852, -0.535, 1.094]
[SIM] move_joint_angles -> [-1.065, 0.817, -0.489, 1.065]
[SIM] move_joint_angles -> [-1.035, 0.783, -0.444, 1.035]
[SIM] move_joint_angles -> [-1.005, 0.749, -0.398, 1.005]
[SIM] move_joint_angles -> [-0.975, 0.715, -0.353, 0.975]
[SIM] move_joint_angles -> [-0.946, 0.68, -0.307, 0.946]
[SIM] move_joint_angles -> [-0.916, 0.646, -0.261, 0.916]
[SIM] move_joint_angles -> [-0.886, 0.612, -0.216, 0.886]
[SIM] move_joint_angles -> [-0.856, 0.578, -0.17, 0.856]
[SIM] move_joint_angles -> [-0.827, 0.543, -0.125, 0.827]
[SIM] move_joint_angles -> [-0.797, 0.509, -0.079, 0.797]
[SIM] move_joint_angles -> [-0.767, 0.475, -0.034, 0.767]
[SIM] move_joint_angles -> [-0.737, 0.441, 0.012, 0.737]
[SIM] move_joint_angles -> [-0.707, 0.406, 0.058, 0.707]
[SIM] move_joint_angles -> [-0.678, 0.372, 0.103, 0.678]
[SIM] move_joint_angles -> [-0.648, 0.338, 0.149, 0.648]
[SIM] move_joint_angles -> [-0.618, 0.304, 0.194, 0.618]
[SIM] move_joint_angles -> [-0.588, 0.269, 0.24, 0.588]
[SIM] move_joint_angles -> [-0.559, 0.235, 0.285, 0.559]
[SIM] move_joint_angles -> [-0.529, 0.201, 0.331, 0.529]
[SIM] move_joint_angles -> [-0.499, 0.167, 0.377, 0.499]
[SIM] move_joint_angles -> [-0.469, 0.132, 0.422, 0.469]
[SIM] move_joint_angles -> [-0.44, 0.098, 0.468, 0.44]
[SIM] move_joint_angles -> [-0.41, 0.064, 0.513, 0.41]
[SIM] move_joint_angles -> [-0.38, 0.03, 0.559, 0.38]
[SIM] move_joint_angles -> [-0.35, -0.005, 0.604, 0.35]
[SIM] move_joint_angles -> [-0.32, -0.039, 0.65, 0.32]
[SIM] move_joint_angles -> [-0.291, -0.073, 0.696, 0.291]
[SIM] move_joint_angles -> [-0.261, -0.107, 0.741, 0.261]
[SIM] move_joint_angles -> [-0.231, -0.142, 0.787, 0.231]
[SIM] move_joint_angles -> [-0.201, -0.176, 0.832, 0.201]
[SIM] move_joint_angles -> [-0.172, -0.21, 0.878, 0.172]
[SIM] move_joint_angles -> [-0.142, -0.244, 0.923, 0.142]
[SIM] move_joint_angles -> [-0.112, -0.279, 0.969, 0.112]
[SIM] move_joint_angles -> [-0.082, -0.313, 1.015, 0.082]
[SIM] move_joint_angles -> [-0.053, -0.347, 1.06, 0.053]
[SIM] move_joint_angles -> [-0.023, -0.381, 1.106, 0.023]
[SIM] move_joint_angles -> [0.007, -0.416, 1.151, -0.007]
[SIM] move_joint_angles -> [0.037, -0.45, 1.197, -0.037]
[SIM] move_joint_angles -> [0.067, -0.484, 1.242, -0.067]
[SIM] move_joint_angles -> [0.096, -0.518, 1.288, -0.096]
[SIM] move_joint_angles -> [0.126, -0.553, 1.334, -0.126]
[SIM] move_joint_angles -> [0.156, -0.587, 1.379, -0.156]
[SIM] move_joint_angles -> [0.186, -0.621, 1.425, -0.186]
[SIM] move_joint_angles -> [0.215, -0.655, 1.47, -0.215]
[SIM] move_joint_angles -> [0.215, -0.623, 1.424, -0.215]
[SIM] move_joint_angles -> [0.215, -0.59, 1.377, -0.215]
[SIM] move_joint_angles -> [0.215, -0.557, 1.33, -0.215]
[SIM] move_joint_angles -> [0.215, -0.524, 1.283, -0.215]
[SIM] move_joint_angles -> [0.215, -0.492, 1.237, -0.215]
[SIM] move_joint_angles -> [0.215, -0.459, 1.19, -0.215]
[SIM] move_joint_angles -> [0.215, -0.426, 1.143, -0.215]
[SIM] move_joint_angles -> [0.215, -0.393, 1.097, -0.215]
[SIM] move_joint_angles -> [0.215, -0.361, 1.05, -0.215]
[SIM] move_joint_angles -> [0.215, -0.328, 1.003, -0.215]
[SIM] move_joint_angles -> [0.215, -0.295, 0.956, -0.215]
[SIM] move_joint_angles -> [0.215, -0.262, 0.91, -0.215]
[SIM] move_joint_angles -> [0.215, -0.23, 0.863, -0.215]
[SIM] move_joint_angles -> [0.215, -0.197, 0.816, -0.215]
[SIM] move_joint_angles -> [0.215, -0.164, 0.77, -0.215]
[SIM] move_joint_angles -> [0.215, -0.131, 0.723, -0.215]
[SIM] move_joint_angles -> [0.215, -0.099, 0.676, -0.215]
[SIM] move_joint_angles -> [0.215, -0.066, 0.629, -0.215]
[SIM] move_joint_angles -> [0.215, -0.033, 0.583, -0.215]
[SIM] move_joint_angles -> [0.215, -0.0, 0.536, -0.215]
[SIM] move_joint_angles -> [0.215, 0.032, 0.489, -0.215]
[SIM] move_joint_angles -> [0.215, 0.065, 0.443, -0.215]
[SIM] move_joint_angles -> [0.215, 0.098, 0.396, -0.215]
[SIM] move_joint_angles -> [0.215, 0.131, 0.349, -0.215]
[SIM] move_joint_angles -> [0.215, 0.163, 0.302, -0.215]
[SIM] move_joint_angles -> [0.215, 0.196, 0.256, -0.215]
[SIM] move_joint_angles -> [0.215, 0.229, 0.209, -0.215]
[SIM] move_joint_angles -> [0.215, 0.262, 0.162, -0.215]
[SIM] move_joint_angles -> [0.215, 0.294, 0.116, -0.215]
[SIM] move_joint_angles -> [0.215, 0.327, 0.069, -0.215]
[SIM] move_joint_angles -> [0.215, 0.36, 0.022, -0.215]
[SIM] move_joint_angles -> [0.215, 0.393, -0.025, -0.215]
[SIM] move_joint_angles -> [0.215, 0.425, -0.071, -0.215]
[SIM] move_joint_angles -> [0.215, 0.458, -0.118, -0.215]
[SIM] move_joint_angles -> [0.215, 0.491, -0.165, -0.215]
[SIM] move_joint_angles -> [0.215, 0.524, -0.211, -0.215]
[SIM] move_joint_angles -> [0.215, 0.556, -0.258, -0.215]
[SIM] move_joint_angles -> [0.215, 0.589, -0.305, -0.215]
[SIM] move_joint_angles -> [0.215, 0.622, -0.352, -0.215]
[SIM] move_joint_angles -> [0.215, 0.655, -0.398, -0.215]
[SIM] move_joint_angles -> [0.215, 0.687, -0.445, -0.215]
[SIM] move_joint_angles -> [0.215, 0.72, -0.492, -0.215]
[SIM] move_joint_angles -> [0.215, 0.753, -0.538, -0.215]
[SIM] move_joint_angles -> [0.215, 0.786, -0.585, -0.215]
[SIM] move_joint_angles -> [0.215, 0.818, -0.632, -0.215]
[SIM] move_joint_angles -> [0.215, 0.851, -0.678, -0.215]
[SIM] move_joint_angles -> [0.215, 0.884, -0.725, -0.215]
[SIM] move_joint_angles -> [0.215, 0.917, -0.772, -0.215]
[SIM] move_joint_angles -> [0.215, 0.949, -0.819, -0.215]
[SIM] move_joint_angles -> [0.215, 0.982, -0.865, -0.215]
[SIM] move_joint_angles -> [0.215, 1.015, -0.912, -0.215]
[SIM] move_joint_angles -> [0.215, 1.048, -0.959, -0.215]
[SIM] move_joint_angles -> [0.215, 1.08, -1.005, -0.215]
[SIM] move_joint_angles -> [0.215, 1.113, -1.052, -0.215]
[SIM] move_joint_angles -> [0.215, 1.146, -1.099, -0.215]
[SIM] move_joint_angles -> [0.215, 1.179, -1.146, -0.215]
[SIM] move_joint_angles -> [0.215, 1.211, -1.192, -0.215]
[SIM] move_joint_angles -> [0.215, 1.244, -1.239, -0.215]
[SIM] move_joint_angles -> [0.215, 1.277, -1.286, -0.215]
[SIM] move_joint_angles -> [0.215, 1.31, -1.332, -0.215]
[SIM] gripper -> CLOSE
[SIM] move_joint_angles -> [0.215, 1.277, -1.286, -0.215]
[SIM] move_joint_angles -> [0.215, 1.244, -1.239, -0.215]
[SIM] move_joint_angles -> [0.215, 1.211, -1.192, -0.215]
[SIM] move_joint_angles -> [0.215, 1.179, -1.146, -0.215]
[SIM] move_joint_angles -> [0.215, 1.146, -1.099, -0.215]
[SIM] move_joint_angles -> [0.215, 1.113, -1.052, -0.215]
[SIM] move_joint_angles -> [0.215, 1.08, -1.005, -0.215]
[SIM] move_joint_angles -> [0.215, 1.048, -0.959, -0.215]
[SIM] move_joint_angles -> [0.215, 1.015, -0.912, -0.215]
[SIM] move_joint_angles -> [0.215, 0.982, -0.865, -0.215]
[SIM] move_joint_angles -> [0.215, 0.949, -0.819, -0.215]
[SIM] move_joint_angles -> [0.215, 0.917, -0.772, -0.215]
[SIM] move_joint_angles -> [0.215, 0.884, -0.725, -0.215]
[SIM] move_joint_angles -> [0.215, 0.851, -0.678, -0.215]
[SIM] move_joint_angles -> [0.215, 0.818, -0.632, -0.215]
[SIM] move_joint_angles -> [0.215, 0.786, -0.585, -0.215]
[SIM] move_joint_angles -> [0.215, 0.753, -0.538, -0.215]
[SIM] move_joint_angles -> [0.215, 0.72, -0.492, -0.215]
[SIM] move_joint_angles -> [0.215, 0.687, -0.445, -0.215]
[SIM] move_joint_angles -> [0.215, 0.655, -0.398, -0.215]
[SIM] move_joint_angles -> [0.215, 0.622, -0.352, -0.215]
[SIM] move_joint_angles -> [0.215, 0.589, -0.305, -0.215]
[SIM] move_joint_angles -> [0.215, 0.556, -0.258, -0.215]
[SIM] move_joint_angles -> [0.215, 0.524, -0.211, -0.215]
[SIM] move_joint_angles -> [0.215, 0.491, -0.165, -0.215]
[SIM] move_joint_angles -> [0.215, 0.458, -0.118, -0.215]
[SIM] move_joint_angles -> [0.215, 0.425, -0.071, -0.215]
[SIM] move_joint_angles -> [0.215, 0.393, -0.025, -0.215]
[SIM] move_joint_angles -> [0.215, 0.36, 0.022, -0.215]
[SIM] move_joint_angles -> [0.215, 0.327, 0.069, -0.215]
[SIM] move_joint_angles -> [0.215, 0.294, 0.116, -0.215]
[SIM] move_joint_angles -> [0.215, 0.262, 0.162, -0.215]
[SIM] move_joint_angles -> [0.215, 0.229, 0.209, -0.215]
[SIM] move_joint_angles -> [0.215, 0.196, 0.256, -0.215]
[SIM] move_joint_angles -> [0.215, 0.163, 0.302, -0.215]
[SIM] move_joint_angles -> [0.215, 0.131, 0.349, -0.215]
[SIM] move_joint_angles -> [0.215, 0.098, 0.396, -0.215]
[SIM] move_joint_angles -> [0.215, 0.065, 0.443, -0.215]
[SIM] move_joint_angles -> [0.215, 0.032, 0.489, -0.215]
[SIM] move_joint_angles -> [0.215, -0.0, 0.536, -0.215]
[SIM] move_joint_angles -> [0.215, -0.033, 0.583, -0.215]
[SIM] move_joint_angles -> [0.215, -0.066, 0.629, -0.215]
[SIM] move_joint_angles -> [0.215, -0.099, 0.676, -0.215]
[SIM] move_joint_angles -> [0.215, -0.131, 0.723, -0.215]
[SIM] move_joint_angles -> [0.215, -0.164, 0.77, -0.215]
[SIM] move_joint_angles -> [0.215, -0.197, 0.816, -0.215]
[SIM] move_joint_angles -> [0.215, -0.23, 0.863, -0.215]
[SIM] move_joint_angles -> [0.215, -0.262, 0.91, -0.215]
[SIM] move_joint_angles -> [0.215, -0.295, 0.956, -0.215]
[SIM] move_joint_angles -> [0.215, -0.328, 1.003, -0.215]
[SIM] move_joint_angles -> [0.215, -0.361, 1.05, -0.215]
[SIM] move_joint_angles -> [0.215, -0.393, 1.097, -0.215]
[SIM] move_joint_angles -> [0.215, -0.426, 1.143, -0.215]
[SIM] move_joint_angles -> [0.215, -0.459, 1.19, -0.215]
[SIM] move_joint_angles -> [0.215, -0.492, 1.237, -0.215]
[SIM] move_joint_angles -> [0.215, -0.524, 1.283, -0.215]
[SIM] move_joint_angles -> [0.215, -0.557, 1.33, -0.215]
[SIM] move_joint_angles -> [0.215, -0.59, 1.377, -0.215]
[SIM] move_joint_angles -> [0.215, -0.623, 1.424, -0.215]
[SIM] move_joint_angles -> [0.215, -0.655, 1.47, -0.215]
  -> picked, moving to pole at (0.0, -0.3, 0.15)
[SIM] move_joint_angles -> [0.186, -0.621, 1.425, -0.186]
[SIM] move_joint_angles -> [0.156, -0.587, 1.379, -0.156]
[SIM] move_joint_angles -> [0.126, -0.553, 1.334, -0.126]
[SIM] move_joint_angles -> [0.096, -0.518, 1.288, -0.096]
[SIM] move_joint_angles -> [0.067, -0.484, 1.242, -0.067]
[SIM] move_joint_angles -> [0.037, -0.45, 1.197, -0.037]
[SIM] move_joint_angles -> [0.007, -0.416, 1.151, -0.007]
[SIM] move_joint_angles -> [-0.023, -0.381, 1.106, 0.023]
[SIM] move_joint_angles -> [-0.053, -0.347, 1.06, 0.053]
[SIM] move_joint_angles -> [-0.082, -0.313, 1.015, 0.082]
[SIM] move_joint_angles -> [-0.112, -0.279, 0.969, 0.112]
[SIM] move_joint_angles -> [-0.142, -0.244, 0.923, 0.142]
[SIM] move_joint_angles -> [-0.172, -0.21, 0.878, 0.172]
[SIM] move_joint_angles -> [-0.201, -0.176, 0.832, 0.201]
[SIM] move_joint_angles -> [-0.231, -0.142, 0.787, 0.231]
[SIM] move_joint_angles -> [-0.261, -0.107, 0.741, 0.261]
[SIM] move_joint_angles -> [-0.291, -0.073, 0.696, 0.291]
[SIM] move_joint_angles -> [-0.32, -0.039, 0.65, 0.32]
[SIM] move_joint_angles -> [-0.35, -0.005, 0.604, 0.35]
[SIM] move_joint_angles -> [-0.38, 0.03, 0.559, 0.38]
[SIM] move_joint_angles -> [-0.41, 0.064, 0.513, 0.41]
[SIM] move_joint_angles -> [-0.44, 0.098, 0.468, 0.44]
[SIM] move_joint_angles -> [-0.469, 0.132, 0.422, 0.469]
[SIM] move_joint_angles -> [-0.499, 0.167, 0.377, 0.499]
[SIM] move_joint_angles -> [-0.529, 0.201, 0.331, 0.529]
[SIM] move_joint_angles -> [-0.559, 0.235, 0.285, 0.559]
[SIM] move_joint_angles -> [-0.588, 0.269, 0.24, 0.588]
[SIM] move_joint_angles -> [-0.618, 0.304, 0.194, 0.618]
[SIM] move_joint_angles -> [-0.648, 0.338, 0.149, 0.648]
[SIM] move_joint_angles -> [-0.678, 0.372, 0.103, 0.678]
[SIM] move_joint_angles -> [-0.707, 0.406, 0.058, 0.707]
[SIM] move_joint_angles -> [-0.737, 0.441, 0.012, 0.737]
[SIM] move_joint_angles -> [-0.767, 0.475, -0.034, 0.767]
[SIM] move_joint_angles -> [-0.797, 0.509, -0.079, 0.797]
[SIM] move_joint_angles -> [-0.827, 0.543, -0.125, 0.827]
[SIM] move_joint_angles -> [-0.856, 0.578, -0.17, 0.856]
[SIM] move_joint_angles -> [-0.886, 0.612, -0.216, 0.886]
[SIM] move_joint_angles -> [-0.916, 0.646, -0.261, 0.916]
[SIM] move_joint_angles -> [-0.946, 0.68, -0.307, 0.946]
[SIM] move_joint_angles -> [-0.975, 0.715, -0.353, 0.975]
[SIM] move_joint_angles -> [-1.005, 0.749, -0.398, 1.005]
[SIM] move_joint_angles -> [-1.035, 0.783, -0.444, 1.035]
[SIM] move_joint_angles -> [-1.065, 0.817, -0.489, 1.065]
[SIM] move_joint_angles -> [-1.094, 0.852, -0.535, 1.094]
[SIM] move_joint_angles -> [-1.124, 0.886, -0.58, 1.124]
[SIM] move_joint_angles -> [-1.154, 0.92, -0.626, 1.154]
[SIM] move_joint_angles -> [-1.184, 0.954, -0.672, 1.184]
[SIM] move_joint_angles -> [-1.214, 0.989, -0.717, 1.214]
[SIM] move_joint_angles -> [-1.243, 1.023, -0.763, 1.243]
[SIM] move_joint_angles -> [-1.273, 1.057, -0.808, 1.273]
[SIM] move_joint_angles -> [-1.303, 1.091, -0.854, 1.303]
[SIM] move_joint_angles -> [-1.333, 1.126, -0.899, 1.333]
[SIM] move_joint_angles -> [-1.362, 1.16, -0.945, 1.362]
[SIM] move_joint_angles -> [-1.392, 1.194, -0.991, 1.392]
[SIM] move_joint_angles -> [-1.422, 1.228, -1.036, 1.422]
[SIM] move_joint_angles -> [-1.452, 1.263, -1.082, 1.452]
[SIM] move_joint_angles -> [-1.481, 1.297, -1.127, 1.481]
[SIM] move_joint_angles -> [-1.511, 1.331, -1.173, 1.511]
[SIM] move_joint_angles -> [-1.541, 1.365, -1.218, 1.541]
[SIM] move_joint_angles -> [-1.571, 1.4, -1.264, 1.571]
[SIM] gripper -> OPEN
  -> placed hoop 8
Picking hoop 9/16 at (0.200,0.110,0.108)
[SIM] move_joint_angles -> [-1.536, 1.374, -1.221, 1.536]
[SIM] move_joint_angles -> [-1.502, 1.348, -1.178, 1.502]
[SIM] move_joint_angles -> [-1.467, 1.323, -1.134, 1.467]
[SIM] move_joint_angles -> [-1.433, 1.297, -1.091, 1.433]
[SIM] move_joint_angles -> [-1.398, 1.271, -1.048, 1.398]
[SIM] move_joint_angles -> [-1.363, 1.245, -1.005, 1.363]
[SIM] move_joint_angles -> [-1.329, 1.22, -0.961, 1.329]
[SIM] move_joint_angles -> [-1.294, 1.194, -0.918, 1.294]
[SIM] move_joint_angles -> [-1.26, 1.168, -0.875, 1.26]
[SIM] move_joint_angles -> [-1.225, 1.143, -0.832, 1.225]
[SIM] move_joint_angles -> [-1.191, 1.117, -0.789, 1.191]
[SIM] move_joint_angles -> [-1.156, 1.091, -0.745, 1.156]
[SIM] move_joint_angles -> [-1.122, 1.066, -0.702, 1.122]
[SIM] move_joint_angles -> [-1.087, 1.04, -0.659, 1.087]
[SIM] move_joint_angles -> [-1.052, 1.014, -0.616, 1.052]
[SIM] move_joint_angles -> [-1.018, 0.989, -0.572, 1.018]
[SIM] move_joint_angles -> [-0.983, 0.963, -0.529, 0.983]
[SIM] move_joint_angles -> [-0.949, 0.937, -0.486, 0.949]
[SIM] move_joint_angles -> [-0.914, 0.911, -0.443, 0.914]
[SIM] move_joint_angles -> [-0.88, 0.886, -0.4, 0.88]
[SIM] move_joint_angles -> [-0.845, 0.86, -0.356, 0.845]
[SIM] move_joint_angles -> [-0.81, 0.834, -0.313, 0.81]
[SIM] move_joint_angles -> [-0.776, 0.809, -0.27, 0.776]
[SIM] move_joint_angles -> [-0.741, 0.783, -0.227, 0.741]
[SIM] move_joint_angles -> [-0.707, 0.757, -0.183, 0.707]
[SIM] move_joint_angles -> [-0.672, 0.732, -0.14, 0.672]
[SIM] move_joint_angles -> [-0.638, 0.706, -0.097, 0.638]
[SIM] move_joint_angles -> [-0.603, 0.68, -0.054, 0.603]
[SIM] move_joint_angles -> [-0.569, 0.654, -0.011, 0.569]
[SIM] move_joint_angles -> [-0.534, 0.629, 0.033, 0.534]
[SIM] move_joint_angles -> [-0.499, 0.603, 0.076, 0.499]
[SIM] move_joint_angles -> [-0.465, 0.577, 0.119, 0.465]
[SIM] move_joint_angles -> [-0.43, 0.552, 0.162, 0.43]
[SIM] move_joint_angles -> [-0.396, 0.526, 0.206, 0.396]
[SIM] move_joint_angles -> [-0.361, 0.5, 0.249, 0.361]
[SIM] move_joint_angles -> [-0.327, 0.475, 0.292, 0.327]
[SIM] move_joint_angles -> [-0.292, 0.449, 0.335, 0.292]
[SIM] move_joint_angles -> [-0.257, 0.423, 0.378, 0.257]
[SIM] move_joint_angles -> [-0.223, 0.397, 0.422, 0.223]
[SIM] move_joint_angles -> [-0.188, 0.372, 0.465, 0.188]
[SIM] move_joint_angles -> [-0.154, 0.346, 0.508, 0.154]
[SIM] move_joint_angles -> [-0.119, 0.32, 0.551, 0.119]
[SIM] move_joint_angles -> [-0.085, 0.295, 0.595, 0.085]
[SIM] move_joint_angles -> [-0.05, 0.269, 0.638, 0.05]
[SIM] move_joint_angles -> [-0.016, 0.243, 0.681, 0.016]
[SIM] move_joint_angles -> [0.019, 0.218, 0.724, -0.019]
[SIM] move_joint_angles -> [0.054, 0.192, 0.767, -0.054]
[SIM] move_joint_angles -> [0.088, 0.166, 0.811, -0.088]
[SIM] move_joint_angles -> [0.123, 0.141, 0.854, -0.123]
[SIM] move_joint_angles -> [0.157, 0.115, 0.897, -0.157]
[SIM] move_joint_angles -> [0.192, 0.089, 0.94, -0.192]
[SIM] move_joint_angles -> [0.226, 0.063, 0.984, -0.226]
[SIM] move_joint_angles -> [0.261, 0.038, 1.027, -0.261]
[SIM] move_joint_angles -> [0.295, 0.012, 1.07, -0.295]
[SIM] move_joint_angles -> [0.33, -0.014, 1.113, -0.33]
[SIM] move_joint_angles -> [0.365, -0.039, 1.156, -0.365]
[SIM] move_joint_angles -> [0.399, -0.065, 1.2, -0.399]
[SIM] move_joint_angles -> [0.434, -0.091, 1.243, -0.434]
[SIM] move_joint_angles -> [0.468, -0.116, 1.286, -0.468]
[SIM] move_joint_angles -> [0.503, -0.142, 1.329, -0.503]
[SIM] move_joint_angles -> [0.503, -0.125, 1.296, -0.503]
[SIM] move_joint_angles -> [0.503, -0.107, 1.264, -0.503]
[SIM] move_joint_angles -> [0.503, -0.09, 1.231, -0.503]
[SIM] move_joint_angles -> [0.503, -0.072, 1.198, -0.503]
[SIM] move_joint_angles -> [0.503, -0.055, 1.165, -0.503]
[SIM] move_joint_angles -> [0.503, -0.037, 1.132, -0.503]
[SIM] move_joint_angles -> [0.503, -0.02, 1.099, -0.503]
[SIM] move_joint_angles -> [0.503, -0.002, 1.066, -0.503]
[SIM] move_joint_angles -> [0.503, 0.015, 1.033, -0.503]
[SIM] move_joint_angles -> [0.503, 0.033, 1.0, -0.503]
[SIM] move_joint_angles -> [0.503, 0.05, 0.967, -0.503]
[SIM] move_joint_angles -> [0.503, 0.068, 0.935, -0.503]
[SIM] move_joint_angles -> [0.503, 0.085, 0.902, -0.503]
[SIM] move_joint_angles -> [0.503, 0.103, 0.869, -0.503]
[SIM] move_joint_angles -> [0.503, 0.12, 0.836, -0.503]
[SIM] move_joint_angles -> [0.503, 0.137, 0.803, -0.503]
[SIM] move_joint_angles -> [0.503, 0.155, 0.77, -0.503]
[SIM] move_joint_angles -> [0.503, 0.172, 0.737, -0.503]
[SIM] move_joint_angles -> [0.503, 0.19, 0.704, -0.503]
[SIM] move_joint_angles -> [0.503, 0.207, 0.671, -0.503]
[SIM] move_joint_angles -> [0.503, 0.225, 0.638, -0.503]
[SIM] move_joint_angles -> [0.503, 0.242, 0.606, -0.503]
[SIM] move_joint_angles -> [0.503, 0.26, 0.573, -0.503]
[SIM] move_joint_angles -> [0.503, 0.277, 0.54, -0.503]
[SIM] move_joint_angles -> [0.503, 0.295, 0.507, -0.503]
[SIM] move_joint_angles -> [0.503, 0.312, 0.474, -0.503]
[SIM] move_joint_angles -> [0.503, 0.33, 0.441, -0.503]
[SIM] move_joint_angles -> [0.503, 0.347, 0.408, -0.503]
[SIM] move_joint_angles -> [0.503, 0.365, 0.375, -0.503]
[SIM] move_joint_angles -> [0.503, 0.382, 0.342, -0.503]
[SIM] move_joint_angles -> [0.503, 0.4, 0.309, -0.503]
[SIM] move_joint_angles -> [0.503, 0.417, 0.277, -0.503]
[SIM] move_joint_angles -> [0.503, 0.435, 0.244, -0.503]
[SIM] move_joint_angles -> [0.503, 0.452, 0.211, -0.503]
[SIM] move_joint_angles -> [0.503, 0.469, 0.178, -0.503]
[SIM] move_joint_angles -> [0.503, 0.487, 0.145, -0.503]
[SIM] move_joint_angles -> [0.503, 0.504, 0.112, -0.503]
[SIM] move_joint_angles -> [0.503, 0.522, 0.079, -0.503]
[SIM] move_joint_angles -> [0.503, 0.539, 0.046, -0.503]
[SIM] move_joint_angles -> [0.503, 0.557, 0.013, -0.503]
[SIM] move_joint_angles -> [0.503, 0.574, -0.02, -0.503]
[SIM] move_joint_angles -> [0.503, 0.592, -0.052, -0.503]
[SIM] move_joint_angles -> [0.503, 0.609, -0.085, -0.503]
[SIM] move_joint_angles -> [0.503, 0.627, -0.118, -0.503]
[SIM] move_joint_angles -> [0.503, 0.644, -0.151, -0.503]
[SIM] move_joint_angles -> [0.503, 0.662, -0.184, -0.503]
[SIM] move_joint_angles -> [0.503, 0.679, -0.217, -0.503]
[SIM] move_joint_angles -> [0.503, 0.697, -0.25, -0.503]
[SIM] move_joint_angles -> [0.503, 0.714, -0.283, -0.503]
[SIM] move_joint_angles -> [0.503, 0.732, -0.316, -0.503]
[SIM] move_joint_angles -> [0.503, 0.749, -0.349, -0.503]
[SIM] move_joint_angles -> [0.503, 0.767, -0.381, -0.503]
[SIM] move_joint_angles -> [0.503, 0.784, -0.414, -0.503]
[SIM] move_joint_angles -> [0.503, 0.802, -0.447, -0.503]
[SIM] move_joint_angles -> [0.503, 0.819, -0.48, -0.503]
[SIM] move_joint_angles -> [0.503, 0.836, -0.513, -0.503]
[SIM] move_joint_angles -> [0.503, 0.854, -0.546, -0.503]
[SIM] move_joint_angles -> [0.503, 0.871, -0.579, -0.503]
[SIM] move_joint_angles -> [0.503, 0.889, -0.612, -0.503]
[SIM] move_joint_angles -> [0.503, 0.906, -0.645, -0.503]
[SIM] gripper -> CLOSE
[SIM] move_joint_angles -> [0.503, 0.889, -0.612, -0.503]
[SIM] move_joint_angles -> [0.503, 0.871, -0.579, -0.503]
[SIM] move_joint_angles -> [0.503, 0.854, -0.546, -0.503]
[SIM] move_joint_angles -> [0.503, 0.836, -0.513, -0.503]
[SIM] move_joint_angles -> [0.503, 0.819, -0.48, -0.503]
[SIM] move_joint_angles -> [0.503, 0.802, -0.447, -0.503]
[SIM] move_joint_angles -> [0.503, 0.784, -0.414, -0.503]
[SIM] move_joint_angles -> [0.503, 0.767, -0.381, -0.503]
[SIM] move_joint_angles -> [0.503, 0.749, -0.349, -0.503]
[SIM] move_joint_angles -> [0.503, 0.732, -0.316, -0.503]
[SIM] move_joint_angles -> [0.503, 0.714, -0.283, -0.503]
[SIM] move_joint_angles -> [0.503, 0.697, -0.25, -0.503]
[SIM] move_joint_angles -> [0.503, 0.679, -0.217, -0.503]
[SIM] move_joint_angles -> [0.503, 0.662, -0.184, -0.503]
[SIM] move_joint_angles -> [0.503, 0.644, -0.151, -0.503]
[SIM] move_joint_angles -> [0.503, 0.627, -0.118, -0.503]
[SIM] move_joint_angles -> [0.503, 0.609, -0.085, -0.503]
[SIM] move_joint_angles -> [0.503, 0.592, -0.052, -0.503]
[SIM] move_joint_angles -> [0.503, 0.574, -0.02, -0.503]
[SIM] move_joint_angles -> [0.503, 0.557, 0.013, -0.503]
[SIM] move_joint_angles -> [0.503, 0.539, 0.046, -0.503]
[SIM] move_joint_angles -> [0.503, 0.522, 0.079, -0.503]
[SIM] move_joint_angles -> [0.503, 0.504, 0.112, -0.503]
[SIM] move_joint_angles -> [0.503, 0.487, 0.145, -0.503]
[SIM] move_joint_angles -> [0.503, 0.469, 0.178, -0.503]
[SIM] move_joint_angles -> [0.503, 0.452, 0.211, -0.503]
[SIM] move_joint_angles -> [0.503, 0.435, 0.244, -0.503]
[SIM] move_joint_angles -> [0.503, 0.417, 0.277, -0.503]
[SIM] move_joint_angles -> [0.503, 0.4, 0.309, -0.503]
[SIM] move_joint_angles -> [0.503, 0.382, 0.342, -0.503]
[SIM] move_joint_angles -> [0.503, 0.365, 0.375, -0.503]
[SIM] move_joint_angles -> [0.503, 0.347, 0.408, -0.503]
[SIM] move_joint_angles -> [0.503, 0.33, 0.441, -0.503]
[SIM] move_joint_angles -> [0.503, 0.312, 0.474, -0.503]
[SIM] move_joint_angles -> [0.503, 0.295, 0.507, -0.503]
[SIM] move_joint_angles -> [0.503, 0.277, 0.54, -0.503]
[SIM] move_joint_angles -> [0.503, 0.26, 0.573, -0.503]
[SIM] move_joint_angles -> [0.503, 0.242, 0.606, -0.503]
[SIM] move_joint_angles -> [0.503, 0.225, 0.638, -0.503]
[SIM] move_joint_angles -> [0.503, 0.207, 0.671, -0.503]
[SIM] move_joint_angles -> [0.503, 0.19, 0.704, -0.503]
[SIM] move_joint_angles -> [0.503, 0.172, 0.737, -0.503]
[SIM] move_joint_angles -> [0.503, 0.155, 0.77, -0.503]
[SIM] move_joint_angles -> [0.503, 0.137, 0.803, -0.503]
[SIM] move_joint_angles -> [0.503, 0.12, 0.836, -0.503]
[SIM] move_joint_angles -> [0.503, 0.103, 0.869, -0.503]
[SIM] move_joint_angles -> [0.503, 0.085, 0.902, -0.503]
[SIM] move_joint_angles -> [0.503, 0.068, 0.935, -0.503]
[SIM] move_joint_angles -> [0.503, 0.05, 0.967, -0.503]
[SIM] move_joint_angles -> [0.503, 0.033, 1.0, -0.503]
[SIM] move_joint_angles -> [0.503, 0.015, 1.033, -0.503]
[SIM] move_joint_angles -> [0.503, -0.002, 1.066, -0.503]
[SIM] move_joint_angles -> [0.503, -0.02, 1.099, -0.503]
[SIM] move_joint_angles -> [0.503, -0.037, 1.132, -0.503]
[SIM] move_joint_angles -> [0.503, -0.055, 1.165, -0.503]
[SIM] move_joint_angles -> [0.503, -0.072, 1.198, -0.503]
[SIM] move_joint_angles -> [0.503, -0.09, 1.231, -0.503]
[SIM] move_joint_angles -> [0.503, -0.107, 1.264, -0.503]
[SIM] move_joint_angles -> [0.503, -0.125, 1.296, -0.503]
[SIM] move_joint_angles -> [0.503, -0.142, 1.329, -0.503]
  -> picked, moving to pole at (0.0, -0.3, 0.15)
[SIM] move_joint_angles -> [0.468, -0.116, 1.286, -0.468]
[SIM] move_joint_angles -> [0.434, -0.091, 1.243, -0.434]
[SIM] move_joint_angles -> [0.399, -0.065, 1.2, -0.399]
[SIM] move_joint_angles -> [0.365, -0.039, 1.156, -0.365]
[SIM] move_joint_angles -> [0.33, -0.014, 1.113, -0.33]
[SIM] move_joint_angles -> [0.295, 0.012, 1.07, -0.295]
[SIM] move_joint_angles -> [0.261, 0.038, 1.027, -0.261]
[SIM] move_joint_angles -> [0.226, 0.063, 0.984, -0.226]
[SIM] move_joint_angles -> [0.192, 0.089, 0.94, -0.192]
[SIM] move_joint_angles -> [0.157, 0.115, 0.897, -0.157]
[SIM] move_joint_angles -> [0.123, 0.141, 0.854, -0.123]
[SIM] move_joint_angles -> [0.088, 0.166, 0.811, -0.088]
[SIM] move_joint_angles -> [0.054, 0.192, 0.767, -0.054]
[SIM] move_joint_angles -> [0.019, 0.218, 0.724, -0.019]
[SIM] move_joint_angles -> [-0.016, 0.243, 0.681, 0.016]
[SIM] move_joint_angles -> [-0.05, 0.269, 0.638, 0.05]
[SIM] move_joint_angles -> [-0.085, 0.295, 0.595, 0.085]
[SIM] move_joint_angles -> [-0.119, 0.32, 0.551, 0.119]
[SIM] move_joint_angles -> [-0.154, 0.346, 0.508, 0.154]
[SIM] move_joint_angles -> [-0.188, 0.372, 0.465, 0.188]
[SIM] move_joint_angles -> [-0.223, 0.397, 0.422, 0.223]
[SIM] move_joint_angles -> [-0.257, 0.423, 0.378, 0.257]
[SIM] move_joint_angles -> [-0.292, 0.449, 0.335, 0.292]
[SIM] move_joint_angles -> [-0.327, 0.475, 0.292, 0.327]
[SIM] move_joint_angles -> [-0.361, 0.5, 0.249, 0.361]
[SIM] move_joint_angles -> [-0.396, 0.526, 0.206, 0.396]
[SIM] move_joint_angles -> [-0.43, 0.552, 0.162, 0.43]
[SIM] move_joint_angles -> [-0.465, 0.577, 0.119, 0.465]
[SIM] move_joint_angles -> [-0.499, 0.603, 0.076, 0.499]
[SIM] move_joint_angles -> [-0.534, 0.629, 0.033, 0.534]
[SIM] move_joint_angles -> [-0.569, 0.654, -0.011, 0.569]
[SIM] move_joint_angles -> [-0.603, 0.68, -0.054, 0.603]
[SIM] move_joint_angles -> [-0.638, 0.706, -0.097, 0.638]
[SIM] move_joint_angles -> [-0.672, 0.732, -0.14, 0.672]
[SIM] move_joint_angles -> [-0.707, 0.757, -0.183, 0.707]
[SIM] move_joint_angles -> [-0.741, 0.783, -0.227, 0.741]
[SIM] move_joint_angles -> [-0.776, 0.809, -0.27, 0.776]
[SIM] move_joint_angles -> [-0.81, 0.834, -0.313, 0.81]
[SIM] move_joint_angles -> [-0.845, 0.86, -0.356, 0.845]
[SIM] move_joint_angles -> [-0.88, 0.886, -0.4, 0.88]
[SIM] move_joint_angles -> [-0.914, 0.911, -0.443, 0.914]
[SIM] move_joint_angles -> [-0.949, 0.937, -0.486, 0.949]
[SIM] move_joint_angles -> [-0.983, 0.963, -0.529, 0.983]
[SIM] move_joint_angles -> [-1.018, 0.989, -0.572, 1.018]
[SIM] move_joint_angles -> [-1.052, 1.014, -0.616, 1.052]
[SIM] move_joint_angles -> [-1.087, 1.04, -0.659, 1.087]
[SIM] move_joint_angles -> [-1.122, 1.066, -0.702, 1.122]
[SIM] move_joint_angles -> [-1.156, 1.091, -0.745, 1.156]
[SIM] move_joint_angles -> [-1.191, 1.117, -0.789, 1.191]
[SIM] move_joint_angles -> [-1.225, 1.143, -0.832, 1.225]
[SIM] move_joint_angles -> [-1.26, 1.168, -0.875, 1.26]
[SIM] move_joint_angles -> [-1.294, 1.194, -0.918, 1.294]
[SIM] move_joint_angles -> [-1.329, 1.22, -0.961, 1.329]
[SIM] move_joint_angles -> [-1.363, 1.245, -1.005, 1.363]
[SIM] move_joint_angles -> [-1.398, 1.271, -1.048, 1.398]
[SIM] move_joint_angles -> [-1.433, 1.297, -1.091, 1.433]
[SIM] move_joint_angles -> [-1.467, 1.323, -1.134, 1.467]
[SIM] move_joint_angles -> [-1.502, 1.348, -1.178, 1.502]
[SIM] move_joint_angles -> [-1.536, 1.374, -1.221, 1.536]
[SIM] move_joint_angles -> [-1.571, 1.4, -1.264, 1.571]
[SIM] gripper -> OPEN
  -> placed hoop 9
Picking hoop 10/16 at (0.200,-0.020,0.108)
[SIM] move_joint_angles -> [-1.546, 1.377, -1.223, 1.546]
[SIM] move_joint_angles -> [-1.522, 1.354, -1.182, 1.522]
[SIM] move_joint_angles -> [-1.497, 1.331, -1.141, 1.497]
[SIM] move_joint_angles -> [-1.473, 1.308, -1.099, 1.473]
[SIM] move_joint_angles -> [-1.448, 1.285, -1.058, 1.448]
[SIM] move_joint_angles -> [-1.424, 1.262, -1.017, 1.424]
[SIM] move_joint_angles -> [-1.399, 1.239, -0.976, 1.399]
[SIM] move_joint_angles -> [-1.375, 1.216, -0.935, 1.375]
[SIM] move_joint_angles -> [-1.35, 1.193, -0.894, 1.35]
[SIM] move_joint_angles -> [-1.326, 1.17, -0.853, 1.326]
[SIM] move_joint_angles -> [-1.301, 1.147, -0.811, 1.301]
[SIM] move_joint_angles -> [-1.277, 1.124, -0.77, 1.277]
[SIM] move_joint_angles -> [-1.252, 1.101, -0.729, 1.252]
[SIM] move_joint_angles -> [-1.228, 1.078, -0.688, 1.228]
[SIM] move_joint_angles -> [-1.203, 1.055, -0.647, 1.203]
[SIM] move_joint_angles -> [-1.178, 1.032, -0.606, 1.178]
[SIM] move_joint_angles -> [-1.154, 1.009, -0.565, 1.154]
[SIM] move_joint_angles -> [-1.129, 0.986, -0.524, 1.129]
[SIM] move_joint_angles -> [-1.105, 0.963, -0.482, 1.105]
[SIM] move_joint_angles -> [-1.08, 0.94, -0.441, 1.08]
[SIM] move_joint_angles -> [-1.056, 0.917, -0.4, 1.056]
[SIM] move_joint_angles -> [-1.031, 0.894, -0.359, 1.031]
[SIM] move_joint_angles -> [-1.007, 0.871, -0.318, 1.007]
[SIM] move_joint_angles -> [-0.982, 0.848, -0.277, 0.982]
[SIM] move_joint_angles -> [-0.958, 0.825, -0.236, 0.958]
[SIM] move_joint_angles -> [-0.933, 0.802, -0.194, 0.933]
[SIM] move_joint_angles -> [-0.909, 0.779, -0.153, 0.909]
[SIM] move_joint_angles -> [-0.884, 0.756, -0.112, 0.884]
[SIM] move_joint_angles -> [-0.86, 0.733, -0.071, 0.86]
[SIM] move_joint_angles -> [-0.835, 0.71, -0.03, 0.835]
[SIM] move_joint_angles -> [-0.811, 0.687, 0.011, 0.811]
[SIM] move_joint_angles -> [-0.786, 0.664, 0.052, 0.786]
[SIM] move_joint_angles -> [-0.762, 0.641, 0.093, 0.762]
[SIM] move_joint_angles -> [-0.737, 0.618, 0.135, 0.737]
[SIM] move_joint_angles -> [-0.713, 0.595, 0.176, 0.713]
[SIM] move_joint_angles -> [-0.688, 0.572, 0.217, 0.688]
[SIM] move_joint_angles -> [-0.664, 0.549, 0.258, 0.664]
[SIM] move_joint_angles -> [-0.639, 0.526, 0.299, 0.639]
[SIM] move_joint_angles -> [-0.615, 0.503, 0.34, 0.615]
[SIM] move_joint_angles -> [-0.59, 0.48, 0.381, 0.59]
[SIM] move_joint_angles -> [-0.566, 0.457, 0.423, 0.566]
[SIM] move_joint_angles -> [-0.541, 0.434, 0.464, 0.541]
[SIM] move_joint_angles -> [-0.516, 0.411, 0.505, 0.516]
[SIM] move_joint_angles -> [-0.492, 0.388, 0.546, 0.492]
[SIM] move_joint_angles -> [-0.467, 0.365, 0.587, 0.467]
[SIM] move_joint_angles -> [-0.443, 0.342, 0.628, 0.443]
[SIM] move_joint_angles -> [-0.418, 0.319, 0.669, 0.418]
[SIM] move_joint_angles -> [-0.394, 0.296, 0.71, 0.394]
[SIM] move_joint_angles -> [-0.369, 0.273, 0.752, 0.369]
[SIM] move_joint_angles -> [-0.345, 0.25, 0.793, 0.345]
[SIM] move_joint_angles -> [-0.32, 0.227, 0.834, 0.32]
[SIM] move_joint_angles -> [-0.296, 0.204, 0.875, 0.296]
[SIM] move_joint_angles -> [-0.271, 0.181, 0.916, 0.271]
[SIM] move_joint_angles -> [-0.247, 0.158, 0.957, 0.247]
[SIM] move_joint_angles -> [-0.222, 0.135, 0.998, 0.222]
[SIM] move_joint_angles -> [-0.198, 0.112, 1.04, 0.198]
[SIM] move_joint_angles -> [-0.173, 0.089, 1.081, 0.173]
[SIM] move_joint_angles -> [-0.149, 0.066, 1.122, 0.149]
[SIM] move_joint_angles -> [-0.124, 0.043, 1.163, 0.124]
[SIM] move_joint_angles -> [-0.1, 0.021, 1.204, 0.1]
[SIM] move_joint_angles -> [-0.1, 0.033, 1.177, 0.1]
[SIM] move_joint_angles -> [-0.1, 0.046, 1.15, 0.1]
[SIM] move_joint_angles -> [-0.1, 0.059, 1.124, 0.1]
[SIM] move_joint_angles -> [-0.1, 0.071, 1.097, 0.1]
[SIM] move_joint_angles -> [-0.1, 0.084, 1.07, 0.1]
[SIM] move_joint_angles -> [-0.1, 0.097, 1.043, 0.1]
[SIM] move_joint_angles -> [-0.1, 0.11, 1.016, 0.1]
[SIM] move_joint_angles -> [-0.1, 0.122, 0.989, 0.1]
[SIM] move_joint_angles -> [-0.1, 0.135, 0.963, 0.1]
[SIM] move_joint_angles -> [-0.1, 0.148, 0.936, 0.1]
[SIM] move_joint_angles -> [-0.1, 0.16, 0.909, 0.1]
[SIM] move_joint_angles -> [-0.1, 0.173, 0.882, 0.1]
[SIM] move_joint_angles -> [-0.1, 0.186, 0.855, 0.1]
[SIM] move_joint_angles -> [-0.1, 0.199, 0.828, 0.1]
[SIM] move_joint_angles -> [-0.1, 0.211, 0.802, 0.1]
[SIM] move_joint_angles -> [-0.1, 0.224, 0.775, 0.1]
[SIM] move_joint_angles -> [-0.1, 0.237, 0.748, 0.1]
[SIM] move_joint_angles -> [-0.1, 0.25, 0.721, 0.1]
[SIM] move_joint_angles -> [-0.1, 0.262, 0.694, 0.1]
[SIM] move_joint_angles -> [-0.1, 0.275, 0.667, 0.1]
[SIM] move_joint_angles -> [-0.1, 0.288, 0.641, 0.1]
[SIM] move_joint_angles -> [-0.1, 0.3, 0.614, 0.1]
[SIM] move_joint_angles -> [-0.1, 0.313, 0.587, 0.1]
[SIM] move_joint_angles -> [-0.1, 0.326, 0.56, 0.1]
[SIM] move_joint_angles -> [-0.1, 0.339, 0.533, 0.1]
[SIM] move_joint_angles -> [-0.1, 0.351, 0.506, 0.1]
[SIM] move_joint_angles -> [-0.1, 0.364, 0.48, 0.1]
[SIM] move_joint_angles -> [-0.1, 0.377, 0.453, 0.1]
[SIM] move_joint_angles -> [-0.1, 0.39, 0.426, 0.1]
[SIM] move_joint_angles -> [-0.1, 0.402, 0.399, 0.1]
[SIM] move_joint_angles -> [-0.1, 0.415, 0.372, 0.1]
[SIM] move_joint_angles -> [-0.1, 0.428, 0.345, 0.1]
[SIM] move_joint_angles -> [-0.1, 0.44, 0.319, 0.1]
[SIM] move_joint_angles -> [-0.1, 0.453, 0.292, 0.1]
[SIM] move_joint_angles -> [-0.1, 0.466, 0.265, 0.1]
[SIM] move_joint_angles -> [-0.1, 0.479, 0.238, 0.1]
[SIM] move_joint_angles -> [-0.1, 0.491, 0.211, 0.1]
[SIM] move_joint_angles -> [-0.1, 0.504, 0.184, 0.1]
[SIM] move_joint_angles -> [-0.1, 0.517, 0.158, 0.1]
[SIM] move_joint_angles -> [-0.1, 0.529, 0.131, 0.1]
[SIM] move_joint_angles -> [-0.1, 0.542, 0.104, 0.1]
[SIM] move_joint_angles -> [-0.1, 0.555, 0.077, 0.1]
[SIM] move_joint_angles -> [-0.1, 0.568, 0.05, 0.1]
[SIM] move_joint_angles -> [-0.1, 0.58, 0.023, 0.1]
[SIM] move_joint_angles -> [-0.1, 0.593, -0.003, 0.1]
[SIM] move_joint_angles -> [-0.1, 0.606, -0.03, 0.1]
[SIM] move_joint_angles -> [-0.1, 0.619, -0.057, 0.1]
[SIM] move_joint_angles -> [-0.1, 0.631, -0.084, 0.1]
[SIM] move_joint_angles -> [-0.1, 0.644, -0.111, 0.1]
[SIM] move_joint_angles -> [-0.1, 0.657, -0.138, 0.1]
[SIM] move_joint_angles -> [-0.1, 0.669, -0.164, 0.1]
[SIM] move_joint_angles -> [-0.1, 0.682, -0.191, 0.1]
[SIM] move_joint_angles -> [-0.1, 0.695, -0.218, 0.1]
[SIM] move_joint_angles -> [-0.1, 0.708, -0.245, 0.1]
[SIM] move_joint_angles -> [-0.1, 0.72, -0.272, 0.1]
[SIM] move_joint_angles -> [-0.1, 0.733, -0.299, 0.1]
[SIM] move_joint_angles -> [-0.1, 0.746, -0.325, 0.1]
[SIM] move_joint_angles -> [-0.1, 0.759, -0.352, 0.1]
[SIM] move_joint_angles -> [-0.1, 0.771, -0.379, 0.1]
[SIM] move_joint_angles -> [-0.1, 0.784, -0.406, 0.1]
[SIM] gripper -> CLOSE
[SIM] move_joint_angles -> [-0.1, 0.771, -0.379, 0.1]
[SIM] move_joint_angles -> [-0.1, 0.759, -0.352, 0.1]
[SIM] move_joint_angles -> [-0.1, 0.746, -0.325, 0.1]
[SIM] move_joint_angles -> [-0.1, 0.733, -0.299, 0.1]
[SIM] move_joint_angles -> [-0.1, 0.72, -0.272, 0.1]
[SIM] move_joint_angles -> [-0.1, 0.708, -0.245, 0.1]
[SIM] move_joint_angles -> [-0.1, 0.695, -0.218, 0.1]
[SIM] move_joint_angles -> [-0.1, 0.682, -0.191, 0.1]
[SIM] move_joint_angles -> [-0.1, 0.669, -0.164, 0.1]
[SIM] move_joint_angles -> [-0.1, 0.657, -0.138, 0.1]
[SIM] move_joint_angles -> [-0.1, 0.644, -0.111, 0.1]
[SIM] move_joint_angles -> [-0.1, 0.631, -0.084, 0.1]
[SIM] move_joint_angles -> [-0.1, 0.619, -0.057, 0.1]
[SIM] move_joint_angles -> [-0.1, 0.606, -0.03, 0.1]
[SIM] move_joint_angles -> [-0.1, 0.593, -0.003, 0.1]
[SIM] move_joint_angles -> [-0.1, 0.58, 0.023, 0.1]
[SIM] move_joint_angles -> [-0.1, 0.568, 0.05, 0.1]
[SIM] move_joint_angles -> [-0.1, 0.555, 0.077, 0.1]
[SIM] move_joint_angles -> [-0.1, 0.542, 0.104, 0.1]
[SIM] move_joint_angles -> [-0.1, 0.529, 0.131, 0.1]
[SIM] move_joint_angles -> [-0.1, 0.517, 0.158, 0.1]
[SIM] move_joint_angles -> [-0.1, 0.504, 0.184, 0.1]
[SIM] move_joint_angles -> [-0.1, 0.491, 0.211, 0.1]
[SIM] move_joint_angles -> [-0.1, 0.479, 0.238, 0.1]
[SIM] move_joint_angles -> [-0.1, 0.466, 0.265, 0.1]
[SIM] move_joint_angles -> [-0.1, 0.453, 0.292, 0.1]
[SIM] move_joint_angles -> [-0.1, 0.44, 0.319, 0.1]
[SIM] move_joint_angles -> [-0.1, 0.428, 0.345, 0.1]
[SIM] move_joint_angles -> [-0.1, 0.415, 0.372, 0.1]
[SIM] move_joint_angles -> [-0.1, 0.402, 0.399, 0.1]
[SIM] move_joint_angles -> [-0.1, 0.39, 0.426, 0.1]
[SIM] move_joint_angles -> [-0.1, 0.377, 0.453, 0.1]
[SIM] move_joint_angles -> [-0.1, 0.364, 0.48, 0.1]
[SIM] move_joint_angles -> [-0.1, 0.351, 0.506, 0.1]
[SIM] move_joint_angles -> [-0.1, 0.339, 0.533, 0.1]
[SIM] move_joint_angles -> [-0.1, 0.326, 0.56, 0.1]
[SIM] move_joint_angles -> [-0.1, 0.313, 0.587, 0.1]
[SIM] move_joint_angles -> [-0.1, 0.3, 0.614, 0.1]
[SIM] move_joint_angles -> [-0.1, 0.288, 0.641, 0.1]
[SIM] move_joint_angles -> [-0.1, 0.275, 0.667, 0.1]
[SIM] move_joint_angles -> [-0.1, 0.262, 0.694, 0.1]
[SIM] move_joint_angles -> [-0.1, 0.25, 0.721, 0.1]
[SIM] move_joint_angles -> [-0.1, 0.237, 0.748, 0.1]
[SIM] move_joint_angles -> [-0.1, 0.224, 0.775, 0.1]
[SIM] move_joint_angles -> [-0.1, 0.211, 0.802, 0.1]
[SIM] move_joint_angles -> [-0.1, 0.199, 0.828, 0.1]
[SIM] move_joint_angles -> [-0.1, 0.186, 0.855, 0.1]
[SIM] move_joint_angles -> [-0.1, 0.173, 0.882, 0.1]
[SIM] move_joint_angles -> [-0.1, 0.16, 0.909, 0.1]
[SIM] move_joint_angles -> [-0.1, 0.148, 0.936, 0.1]
[SIM] move_joint_angles -> [-0.1, 0.135, 0.963, 0.1]
[SIM] move_joint_angles -> [-0.1, 0.122, 0.989, 0.1]
[SIM] move_joint_angles -> [-0.1, 0.11, 1.016, 0.1]
[SIM] move_joint_angles -> [-0.1, 0.097, 1.043, 0.1]
[SIM] move_joint_angles -> [-0.1, 0.084, 1.07, 0.1]
[SIM] move_joint_angles -> [-0.1, 0.071, 1.097, 0.1]
[SIM] move_joint_angles -> [-0.1, 0.059, 1.124, 0.1]
[SIM] move_joint_angles -> [-0.1, 0.046, 1.15, 0.1]
[SIM] move_joint_angles -> [-0.1, 0.033, 1.177, 0.1]
[SIM] move_joint_angles -> [-0.1, 0.021, 1.204, 0.1]
  -> picked, moving to pole at (0.0, -0.3, 0.15)
[SIM] move_joint_angles -> [-0.124, 0.043, 1.163, 0.124]
[SIM] move_joint_angles -> [-0.149, 0.066, 1.122, 0.149]
[SIM] move_joint_angles -> [-0.173, 0.089, 1.081, 0.173]
[SIM] move_joint_angles -> [-0.198, 0.112, 1.04, 0.198]
[SIM] move_joint_angles -> [-0.222, 0.135, 0.998, 0.222]
[SIM] move_joint_angles -> [-0.247, 0.158, 0.957, 0.247]
[SIM] move_joint_angles -> [-0.271, 0.181, 0.916, 0.271]
[SIM] move_joint_angles -> [-0.296, 0.204, 0.875, 0.296]
[SIM] move_joint_angles -> [-0.32, 0.227, 0.834, 0.32]
[SIM] move_joint_angles -> [-0.345, 0.25, 0.793, 0.345]
[SIM] move_joint_angles -> [-0.369, 0.273, 0.752, 0.369]
[SIM] move_joint_angles -> [-0.394, 0.296, 0.71, 0.394]
[SIM] move_joint_angles -> [-0.418, 0.319, 0.669, 0.418]
[SIM] move_joint_angles -> [-0.443, 0.342, 0.628, 0.443]
[SIM] move_joint_angles -> [-0.467, 0.365, 0.587, 0.467]
[SIM] move_joint_angles -> [-0.492, 0.388, 0.546, 0.492]
[SIM] move_joint_angles -> [-0.516, 0.411, 0.505, 0.516]
[SIM] move_joint_angles -> [-0.541, 0.434, 0.464, 0.541]
[SIM] move_joint_angles -> [-0.566, 0.457, 0.423, 0.566]
[SIM] move_joint_angles -> [-0.59, 0.48, 0.381, 0.59]
[SIM] move_joint_angles -> [-0.615, 0.503, 0.34, 0.615]
[SIM] move_joint_angles -> [-0.639, 0.526, 0.299, 0.639]
[SIM] move_joint_angles -> [-0.664, 0.549, 0.258, 0.664]
[SIM] move_joint_angles -> [-0.688, 0.572, 0.217, 0.688]
[SIM] move_joint_angles -> [-0.713, 0.595, 0.176, 0.713]
[SIM] move_joint_angles -> [-0.737, 0.618, 0.135, 0.737]
[SIM] move_joint_angles -> [-0.762, 0.641, 0.093, 0.762]
[SIM] move_joint_angles -> [-0.786, 0.664, 0.052, 0.786]
[SIM] move_joint_angles -> [-0.811, 0.687, 0.011, 0.811]
[SIM] move_joint_angles -> [-0.835, 0.71, -0.03, 0.835]
[SIM] move_joint_angles -> [-0.86, 0.733, -0.071, 0.86]
[SIM] move_joint_angles -> [-0.884, 0.756, -0.112, 0.884]
[SIM] move_joint_angles -> [-0.909, 0.779, -0.153, 0.909]
[SIM] move_joint_angles -> [-0.933, 0.802, -0.194, 0.933]
[SIM] move_joint_angles -> [-0.958, 0.825, -0.236, 0.958]
[SIM] move_joint_angles -> [-0.982, 0.848, -0.277, 0.982]
[SIM] move_joint_angles -> [-1.007, 0.871, -0.318, 1.007]
[SIM] move_joint_angles -> [-1.031, 0.894, -0.359, 1.031]
[SIM] move_joint_angles -> [-1.056, 0.917, -0.4, 1.056]
[SIM] move_joint_angles -> [-1.08, 0.94, -0.441, 1.08]
[SIM] move_joint_angles -> [-1.105, 0.963, -0.482, 1.105]
[SIM] move_joint_angles -> [-1.129, 0.986, -0.524, 1.129]
[SIM] move_joint_angles -> [-1.154, 1.009, -0.565, 1.154]
[SIM] move_joint_angles -> [-1.178, 1.032, -0.606, 1.178]
[SIM] move_joint_angles -> [-1.203, 1.055, -0.647, 1.203]
[SIM] move_joint_angles -> [-1.228, 1.078, -0.688, 1.228]
[SIM] move_joint_angles -> [-1.252, 1.101, -0.729, 1.252]
[SIM] move_joint_angles -> [-1.277, 1.124, -0.77, 1.277]
[SIM] move_joint_angles -> [-1.301, 1.147, -0.811, 1.301]
[SIM] move_joint_angles -> [-1.326, 1.17, -0.853, 1.326]
[SIM] move_joint_angles -> [-1.35, 1.193, -0.894, 1.35]
[SIM] move_joint_angles -> [-1.375, 1.216, -0.935, 1.375]
[SIM] move_joint_angles -> [-1.399, 1.239, -0.976, 1.399]
[SIM] move_joint_angles -> [-1.424, 1.262, -1.017, 1.424]
[SIM] move_joint_angles -> [-1.448, 1.285, -1.058, 1.448]
[SIM] move_joint_angles -> [-1.473, 1.308, -1.099, 1.473]
[SIM] move_joint_angles -> [-1.497, 1.331, -1.141, 1.497]
[SIM] move_joint_angles -> [-1.522, 1.354, -1.182, 1.522]
[SIM] move_joint_angles -> [-1.546, 1.377, -1.223, 1.546]
[SIM] move_joint_angles -> [-1.571, 1.4, -1.264, 1.571]
[SIM] gripper -> OPEN
  -> placed hoop 10
Picking hoop 11/16 at (0.200,-0.150,0.108)
[SIM] move_joint_angles -> [-1.555, 1.372, -1.219, 1.555]
[SIM] move_joint_angles -> [-1.54, 1.344, -1.174, 1.54]
[SIM] move_joint_angles -> [-1.524, 1.316, -1.129, 1.524]
[SIM] move_joint_angles -> [-1.509, 1.288, -1.084, 1.509]
[SIM] move_joint_angles -> [-1.494, 1.26, -1.039, 1.494]
[SIM] move_joint_angles -> [-1.478, 1.232, -0.994, 1.478]
[SIM] move_joint_angles -> [-1.463, 1.204, -0.949, 1.463]
[SIM] move_joint_angles -> [-1.447, 1.176, -0.904, 1.447]
[SIM] move_joint_angles -> [-1.432, 1.148, -0.859, 1.432]
[SIM] move_joint_angles -> [-1.416, 1.12, -0.814, 1.416]
[SIM] move_joint_angles -> [-1.401, 1.092, -0.769, 1.401]
[SIM] move_joint_angles -> [-1.385, 1.064, -0.724, 1.385]
[SIM] move_joint_angles -> [-1.37, 1.037, -0.679, 1.37]
[SIM] move_joint_angles -> [-1.354, 1.009, -0.634, 1.354]
[SIM] move_joint_angles -> [-1.339, 0.981, -0.589, 1.339]
[SIM] move_joint_angles -> [-1.324, 0.953, -0.544, 1.324]
[SIM] move_joint_angles -> [-1.308, 0.925, -0.499, 1.308]
[SIM] move_joint_angles -> [-1.293, 0.897, -0.454, 1.293]
[SIM] move_joint_angles -> [-1.277, 0.869, -0.409, 1.277]
[SIM] move_joint_angles -> [-1.262, 0.841, -0.364, 1.262]
[SIM] move_joint_angles -> [-1.246, 0.813, -0.318, 1.246]
[SIM] move_joint_angles -> [-1.231, 0.785, -0.273, 1.231]
[SIM] move_joint_angles -> [-1.215, 0.757, -0.228, 1.215]
[SIM] move_joint_angles -> [-1.2, 0.729, -0.183, 1.2]
[SIM] move_joint_angles -> [-1.184, 0.701, -0.138, 1.184]
[SIM] move_joint_angles -> [-1.169, 0.673, -0.093, 1.169]
[SIM] move_joint_angles -> [-1.154, 0.646, -0.048, 1.154]
[SIM] move_joint_angles -> [-1.138, 0.618, -0.003, 1.138]
[SIM] move_joint_angles -> [-1.123, 0.59, 0.042, 1.123]
[SIM] move_joint_angles -> [-1.107, 0.562, 0.087, 1.107]
[SIM] move_joint_angles -> [-1.092, 0.534, 0.132, 1.092]
[SIM] move_joint_angles -> [-1.076, 0.506, 0.177, 1.076]
[SIM] move_joint_angles -> [-1.061, 0.478, 0.222, 1.061]
[SIM] move_joint_angles -> [-1.045, 0.45, 0.267, 1.045]
[SIM] move_joint_angles -> [-1.03, 0.422, 0.312, 1.03]
[SIM] move_joint_angles -> [-1.014, 0.394, 0.357, 1.014]
[SIM] move_joint_angles -> [-0.999, 0.366, 0.402, 0.999]
[SIM] move_joint_angles -> [-0.984, 0.338, 0.447, 0.984]
[SIM] move_joint_angles -> [-0.968, 0.31, 0.492, 0.968]
[SIM] move_joint_angles -> [-0.953, 0.282, 0.537, 0.953]
[SIM] move_joint_angles -> [-0.937, 0.254, 0.582, 0.937]
[SIM] move_joint_angles -> [-0.922, 0.227, 0.627, 0.922]
[SIM] move_joint_angles -> [-0.906, 0.199, 0.672, 0.906]
[SIM] move_joint_angles -> [-0.891, 0.171, 0.717, 0.891]
[SIM] move_joint_angles -> [-0.875, 0.143, 0.762, 0.875]
[SIM] move_joint_angles -> [-0.86, 0.115, 0.807, 0.86]
[SIM] move_joint_angles -> [-0.844, 0.087, 0.852, 0.844]
[SIM] move_joint_angles -> [-0.829, 0.059, 0.897, 0.829]
[SIM] move_joint_angles -> [-0.814, 0.031, 0.942, 0.814]
[SIM] move_joint_angles -> [-0.798, 0.003, 0.987, 0.798]
[SIM] move_joint_angles -> [-0.783, -0.025, 1.032, 0.783]
[SIM] move_joint_angles -> [-0.767, -0.053, 1.077, 0.767]
[SIM] move_joint_angles -> [-0.752, -0.081, 1.122, 0.752]
[SIM] move_joint_angles -> [-0.736, -0.109, 1.167, 0.736]
[SIM] move_joint_angles -> [-0.721, -0.137, 1.212, 0.721]
[SIM] move_joint_angles -> [-0.705, -0.164, 1.257, 0.705]
[SIM] move_joint_angles -> [-0.69, -0.192, 1.302, 0.69]
[SIM] move_joint_angles -> [-0.674, -0.22, 1.347, 0.674]
[SIM] move_joint_angles -> [-0.659, -0.248, 1.392, 0.659]
[SIM] move_joint_angles -> [-0.644, -0.276, 1.437, 0.644]
[SIM] move_joint_angles -> [-0.644, -0.255, 1.4, 0.644]
[SIM] move_joint_angles -> [-0.644, -0.234, 1.363, 0.644]
[SIM] move_joint_angles -> [-0.644, -0.213, 1.325, 0.644]
[SIM] move_joint_angles -> [-0.644, -0.192, 1.288, 0.644]
[SIM] move_joint_angles -> [-0.644, -0.171, 1.251, 0.644]
[SIM] move_joint_angles -> [-0.644, -0.15, 1.213, 0.644]
[SIM] move_joint_angles -> [-0.644, -0.128, 1.176, 0.644]
[SIM] move_joint_angles -> [-0.644, -0.107, 1.138, 0.644]
[SIM] move_joint_angles -> [-0.644, -0.086, 1.101, 0.644]
[SIM] move_joint_angles -> [-0.644, -0.065, 1.064, 0.644]
[SIM] move_joint_angles -> [-0.644, -0.044, 1.026, 0.644]
[SIM] move_joint_angles -> [-0.644, -0.023, 0.989, 0.644]
[SIM] move_joint_angles -> [-0.644, -0.002, 0.952, 0.644]
[SIM] move_joint_angles -> [-0.644, 0.019, 0.914, 0.644]
[SIM] move_joint_angles -> [-0.644, 0.04, 0.877, 0.644]
[SIM] move_joint_angles -> [-0.644, 0.062, 0.839, 0.644]
[SIM] move_joint_angles -> [-0.644, 0.083, 0.802, 0.644]
[SIM] move_joint_angles -> [-0.644, 0.104, 0.765, 0.644]
[SIM] move_joint_angles -> [-0.644, 0.125, 0.727, 0.644]
[SIM] move_joint_angles -> [-0.644, 0.146, 0.69, 0.644]
[SIM] move_joint_angles -> [-0.644, 0.167, 0.653, 0.644]
[SIM] move_joint_angles -> [-0.644, 0.188, 0.615, 0.644]
[SIM] move_joint_angles -> [-0.644, 0.209, 0.578, 0.644]
[SIM] move_joint_angles -> [-0.644, 0.231, 0.54, 0.644]
[SIM] move_joint_angles -> [-0.644, 0.252, 0.503, 0.644]
[SIM] move_joint_angles -> [-0.644, 0.273, 0.466, 0.644]
[SIM] move_joint_angles -> [-0.644, 0.294, 0.428, 0.644]
[SIM] move_joint_angles -> [-0.644, 0.315, 0.391, 0.644]
[SIM] move_joint_angles -> [-0.644, 0.336, 0.354, 0.644]
[SIM] move_joint_angles -> [-0.644, 0.357, 0.316, 0.644]
[SIM] move_joint_angles -> [-0.644, 0.378, 0.279, 0.644]
[SIM] move_joint_angles -> [-0.644, 0.399, 0.242, 0.644]
[SIM] move_joint_angles -> [-0.644, 0.421, 0.204, 0.644]
[SIM] move_joint_angles -> [-0.644, 0.442, 0.167, 0.644]
[SIM] move_joint_angles -> [-0.644, 0.463, 0.129, 0.644]
[SIM] move_joint_angles -> [-0.644, 0.484, 0.092, 0.644]
[SIM] move_joint_angles -> [-0.644, 0.505, 0.055, 0.644]
[SIM] move_joint_angles -> [-0.644, 0.526, 0.017, 0.644]
[SIM] move_joint_angles -> [-0.644, 0.547, -0.02, 0.644]
[SIM] move_joint_angles -> [-0.644, 0.568, -0.057, 0.644]
[SIM] move_joint_angles -> [-0.644, 0.589, -0.095, 0.644]
[SIM] move_joint_angles -> [-0.644, 0.611, -0.132, 0.644]
[SIM] move_joint_angles -> [-0.644, 0.632, -0.17, 0.644]
[SIM] move_joint_angles -> [-0.644, 0.653, -0.207, 0.644]
[SIM] move_joint_angles -> [-0.644, 0.674, -0.244, 0.644]
[SIM] move_joint_angles -> [-0.644, 0.695, -0.282, 0.644]
[SIM] move_joint_angles -> [-0.644, 0.716, -0.319, 0.644]
[SIM] move_joint_angles -> [-0.644, 0.737, -0.356, 0.644]
[SIM] move_joint_angles -> [-0.644, 0.758, -0.394, 0.644]
[SIM] move_joint_angles -> [-0.644, 0.779, -0.431, 0.644]
[SIM] move_joint_angles -> [-0.644, 0.801, -0.469, 0.644]
[SIM] move_joint_angles -> [-0.644, 0.822, -0.506, 0.644]
[SIM] move_joint_angles -> [-0.644, 0.843, -0.543, 0.644]
[SIM] move_joint_angles -> [-0.644, 0.864, -0.581, 0.644]
[SIM] move_joint_angles -> [-0.644, 0.885, -0.618, 0.644]
[SIM] move_joint_angles -> [-0.644, 0.906, -0.655, 0.644]
[SIM] move_joint_angles -> [-0.644, 0.927, -0.693, 0.644]
[SIM] move_joint_angles -> [-0.644, 0.948, -0.73, 0.644]
[SIM] move_joint_angles -> [-0.644, 0.97, -0.767, 0.644]
[SIM] move_joint_angles -> [-0.644, 0.991, -0.805, 0.644]
[SIM] gripper -> CLOSE
[SIM] move_joint_angles -> [-0.644, 0.97, -0.767, 0.644]
[SIM] move_joint_angles -> [-0.644, 0.948, -0.73, 0.644]
[SIM] move_joint_angles -> [-0.644, 0.927, -0.693, 0.644]
[SIM] move_joint_angles -> [-0.644, 0.906, -0.655, 0.644]
[SIM] move_joint_angles -> [-0.644, 0.885, -0.618, 0.644]
[SIM] move_joint_angles -> [-0.644, 0.864, -0.581, 0.644]
[SIM] move_joint_angles -> [-0.644, 0.843, -0.543, 0.644]
[SIM] move_joint_angles -> [-0.644, 0.822, -0.506, 0.644]
[SIM] move_joint_angles -> [-0.644, 0.801, -0.469, 0.644]
[SIM] move_joint_angles -> [-0.644, 0.779, -0.431, 0.644]
[SIM] move_joint_angles -> [-0.644, 0.758, -0.394, 0.644]
[SIM] move_joint_angles -> [-0.644, 0.737, -0.356, 0.644]
[SIM] move_joint_angles -> [-0.644, 0.716, -0.319, 0.644]
[SIM] move_joint_angles -> [-0.644, 0.695, -0.282, 0.644]
[SIM] move_joint_angles -> [-0.644, 0.674, -0.244, 0.644]
[SIM] move_joint_angles -> [-0.644, 0.653, -0.207, 0.644]
[SIM] move_joint_angles -> [-0.644, 0.632, -0.17, 0.644]
[SIM] move_joint_angles -> [-0.644, 0.611, -0.132, 0.644]
[SIM] move_joint_angles -> [-0.644, 0.589, -0.095, 0.644]
[SIM] move_joint_angles -> [-0.644, 0.568, -0.057, 0.644]
[SIM] move_joint_angles -> [-0.644, 0.547, -0.02, 0.644]
[SIM] move_joint_angles -> [-0.644, 0.526, 0.017, 0.644]
[SIM] move_joint_angles -> [-0.644, 0.505, 0.055, 0.644]
[SIM] move_joint_angles -> [-0.644, 0.484, 0.092, 0.644]
[SIM] move_joint_angles -> [-0.644, 0.463, 0.129, 0.644]
[SIM] move_joint_angles -> [-0.644, 0.442, 0.167, 0.644]
[SIM] move_joint_angles -> [-0.644, 0.421, 0.204, 0.644]
[SIM] move_joint_angles -> [-0.644, 0.399, 0.242, 0.644]
[SIM] move_joint_angles -> [-0.644, 0.378, 0.279, 0.644]
[SIM] move_joint_angles -> [-0.644, 0.357, 0.316, 0.644]
[SIM] move_joint_angles -> [-0.644, 0.336, 0.354, 0.644]
[SIM] move_joint_angles -> [-0.644, 0.315, 0.391, 0.644]
[SIM] move_joint_angles -> [-0.644, 0.294, 0.428, 0.644]
[SIM] move_joint_angles -> [-0.644, 0.273, 0.466, 0.644]
[SIM] move_joint_angles -> [-0.644, 0.252, 0.503, 0.644]
[SIM] move_joint_angles -> [-0.644, 0.231, 0.54, 0.644]
[SIM] move_joint_angles -> [-0.644, 0.209, 0.578, 0.644]
[SIM] move_joint_angles -> [-0.644, 0.188, 0.615, 0.644]
[SIM] move_joint_angles -> [-0.644, 0.167, 0.653, 0.644]
[SIM] move_joint_angles -> [-0.644, 0.146, 0.69, 0.644]
[SIM] move_joint_angles -> [-0.644, 0.125, 0.727, 0.644]
[SIM] move_joint_angles -> [-0.644, 0.104, 0.765, 0.644]
[SIM] move_joint_angles -> [-0.644, 0.083, 0.802, 0.644]
[SIM] move_joint_angles -> [-0.644, 0.062, 0.839, 0.644]
[SIM] move_joint_angles -> [-0.644, 0.04, 0.877, 0.644]
[SIM] move_joint_angles -> [-0.644, 0.019, 0.914, 0.644]
[SIM] move_joint_angles -> [-0.644, -0.002, 0.952, 0.644]
[SIM] move_joint_angles -> [-0.644, -0.023, 0.989, 0.644]
[SIM] move_joint_angles -> [-0.644, -0.044, 1.026, 0.644]
[SIM] move_joint_angles -> [-0.644, -0.065, 1.064, 0.644]
[SIM] move_joint_angles -> [-0.644, -0.086, 1.101, 0.644]
[SIM] move_joint_angles -> [-0.644, -0.107, 1.138, 0.644]
[SIM] move_joint_angles -> [-0.644, -0.128, 1.176, 0.644]
[SIM] move_joint_angles -> [-0.644, -0.15, 1.213, 0.644]
[SIM] move_joint_angles -> [-0.644, -0.171, 1.251, 0.644]
[SIM] move_joint_angles -> [-0.644, -0.192, 1.288, 0.644]
[SIM] move_joint_angles -> [-0.644, -0.213, 1.325, 0.644]
[SIM] move_joint_angles -> [-0.644, -0.234, 1.363, 0.644]
[SIM] move_joint_angles -> [-0.644, -0.255, 1.4, 0.644]
[SIM] move_joint_angles -> [-0.644, -0.276, 1.437, 0.644]
  -> picked, moving to pole at (0.0, -0.3, 0.15)
[SIM] move_joint_angles -> [-0.659, -0.248, 1.392, 0.659]
[SIM] move_joint_angles -> [-0.674, -0.22, 1.347, 0.674]
[SIM] move_joint_angles -> [-0.69, -0.192, 1.302, 0.69]
[SIM] move_joint_angles -> [-0.705, -0.164, 1.257, 0.705]
[SIM] move_joint_angles -> [-0.721, -0.137, 1.212, 0.721]
[SIM] move_joint_angles -> [-0.736, -0.109, 1.167, 0.736]
[SIM] move_joint_angles -> [-0.752, -0.081, 1.122, 0.752]
[SIM] move_joint_angles -> [-0.767, -0.053, 1.077, 0.767]
[SIM] move_joint_angles -> [-0.783, -0.025, 1.032, 0.783]
[SIM] move_joint_angles -> [-0.798, 0.003, 0.987, 0.798]
[SIM] move_joint_angles -> [-0.814, 0.031, 0.942, 0.814]
[SIM] move_joint_angles -> [-0.829, 0.059, 0.897, 0.829]
[SIM] move_joint_angles -> [-0.844, 0.087, 0.852, 0.844]
[SIM] move_joint_angles -> [-0.86, 0.115, 0.807, 0.86]
[SIM] move_joint_angles -> [-0.875, 0.143, 0.762, 0.875]
[SIM] move_joint_angles -> [-0.891, 0.171, 0.717, 0.891]
[SIM] move_joint_angles -> [-0.906, 0.199, 0.672, 0.906]
[SIM] move_joint_angles -> [-0.922, 0.227, 0.627, 0.922]
[SIM] move_joint_angles -> [-0.937, 0.254, 0.582, 0.937]
[SIM] move_joint_angles -> [-0.953, 0.282, 0.537, 0.953]
[SIM] move_joint_angles -> [-0.968, 0.31, 0.492, 0.968]
[SIM] move_joint_angles -> [-0.984, 0.338, 0.447, 0.984]
[SIM] move_joint_angles -> [-0.999, 0.366, 0.402, 0.999]
[SIM] move_joint_angles -> [-1.014, 0.394, 0.357, 1.014]
[SIM] move_joint_angles -> [-1.03, 0.422, 0.312, 1.03]
[SIM] move_joint_angles -> [-1.045, 0.45, 0.267, 1.045]
[SIM] move_joint_angles -> [-1.061, 0.478, 0.222, 1.061]
[SIM] move_joint_angles -> [-1.076, 0.506, 0.177, 1.076]
[SIM] move_joint_angles -> [-1.092, 0.534, 0.132, 1.092]
[SIM] move_joint_angles -> [-1.107, 0.562, 0.087, 1.107]
[SIM] move_joint_angles -> [-1.123, 0.59, 0.042, 1.123]
[SIM] move_joint_angles -> [-1.138, 0.618, -0.003, 1.138]
[SIM] move_joint_angles -> [-1.154, 0.646, -0.048, 1.154]
[SIM] move_joint_angles -> [-1.169, 0.673, -0.093, 1.169]
[SIM] move_joint_angles -> [-1.184, 0.701, -0.138, 1.184]
[SIM] move_joint_angles -> [-1.2, 0.729, -0.183, 1.2]
[SIM] move_joint_angles -> [-1.215, 0.757, -0.228, 1.215]
[SIM] move_joint_angles -> [-1.231, 0.785, -0.273, 1.231]
[SIM] move_joint_angles -> [-1.246, 0.813, -0.318, 1.246]
[SIM] move_joint_angles -> [-1.262, 0.841, -0.364, 1.262]
[SIM] move_joint_angles -> [-1.277, 0.869, -0.409, 1.277]
[SIM] move_joint_angles -> [-1.293, 0.897, -0.454, 1.293]
[SIM] move_joint_angles -> [-1.308, 0.925, -0.499, 1.308]
[SIM] move_joint_angles -> [-1.324, 0.953, -0.544, 1.324]
[SIM] move_joint_angles -> [-1.339, 0.981, -0.589, 1.339]
[SIM] move_joint_angles -> [-1.354, 1.009, -0.634, 1.354]
[SIM] move_joint_angles -> [-1.37, 1.037, -0.679, 1.37]
[SIM] move_joint_angles -> [-1.385, 1.064, -0.724, 1.385]
[SIM] move_joint_angles -> [-1.401, 1.092, -0.769, 1.401]
[SIM] move_joint_angles -> [-1.416, 1.12, -0.814, 1.416]
[SIM] move_joint_angles -> [-1.432, 1.148, -0.859, 1.432]
[SIM] move_joint_angles -> [-1.447, 1.176, -0.904, 1.447]
[SIM] move_joint_angles -> [-1.463, 1.204, -0.949, 1.463]
[SIM] move_joint_angles -> [-1.478, 1.232, -0.994, 1.478]
[SIM] move_joint_angles -> [-1.494, 1.26, -1.039, 1.494]
[SIM] move_joint_angles -> [-1.509, 1.288, -1.084, 1.509]
[SIM] move_joint_angles -> [-1.524, 1.316, -1.129, 1.524]
[SIM] move_joint_angles -> [-1.54, 1.344, -1.174, 1.54]
[SIM] move_joint_angles -> [-1.555, 1.372, -1.219, 1.555]
[SIM] move_joint_angles -> [-1.571, 1.4, -1.264, 1.571]
[SIM] gripper -> OPEN
  -> placed hoop 11
Picking hoop 12/16 at (0.325,-0.205,0.108)
  -> unreachable, skipping
Picking hoop 13/16 at (0.200,-0.260,0.108)
[SIM] move_joint_angles -> [-1.56, 1.365, -1.218, 1.56]
[SIM] move_joint_angles -> [-1.549, 1.331, -1.173, 1.549]
[SIM] move_joint_angles -> [-1.538, 1.297, -1.127, 1.538]
[SIM] move_joint_angles -> [-1.527, 1.262, -1.081, 1.527]
[SIM] move_joint_angles -> [-1.516, 1.228, -1.036, 1.516]
[SIM] move_joint_angles -> [-1.505, 1.194, -0.99, 1.505]
[SIM] move_joint_angles -> [-1.494, 1.16, -0.945, 1.494]
[SIM] move_joint_angles -> [-1.483, 1.125, -0.899, 1.483]
[SIM] move_joint_angles -> [-1.472, 1.091, -0.853, 1.472]
[SIM] move_joint_angles -> [-1.462, 1.057, -0.808, 1.462]
[SIM] move_joint_angles -> [-1.451, 1.022, -0.762, 1.451]
[SIM] move_joint_angles -> [-1.44, 0.988, -0.717, 1.44]
[SIM] move_joint_angles -> [-1.429, 0.954, -0.671, 1.429]
[SIM] move_joint_angles -> [-1.418, 0.919, -0.625, 1.418]
[SIM] move_joint_angles -> [-1.407, 0.885, -0.58, 1.407]
[SIM] move_joint_angles -> [-1.396, 0.851, -0.534, 1.396]
[SIM] move_joint_angles -> [-1.385, 0.817, -0.488, 1.385]
[SIM] move_joint_angles -> [-1.374, 0.782, -0.443, 1.374]
[SIM] move_joint_angles -> [-1.363, 0.748, -0.397, 1.363]
[SIM] move_joint_angles -> [-1.352, 0.714, -0.352, 1.352]
[SIM] move_joint_angles -> [-1.341, 0.679, -0.306, 1.341]
[SIM] move_joint_angles -> [-1.33, 0.645, -0.26, 1.33]
[SIM] move_joint_angles -> [-1.319, 0.611, -0.215, 1.319]
[SIM] move_joint_angles -> [-1.309, 0.576, -0.169, 1.309]
[SIM] move_joint_angles -> [-1.298, 0.542, -0.123, 1.298]
[SIM] move_joint_angles -> [-1.287, 0.508, -0.078, 1.287]
[SIM] move_joint_angles -> [-1.276, 0.473, -0.032, 1.276]
[SIM] move_joint_angles -> [-1.265, 0.439, 0.013, 1.265]
[SIM] move_joint_angles -> [-1.254, 0.405, 0.059, 1.254]
[SIM] move_joint_angles -> [-1.243, 0.371, 0.105, 1.243]
[SIM] move_joint_angles -> [-1.232, 0.336, 0.15, 1.232]
[SIM] move_joint_angles -> [-1.221, 0.302, 0.196, 1.221]
[SIM] move_joint_angles -> [-1.21, 0.268, 0.242, 1.21]
[SIM] move_joint_angles -> [-1.199, 0.233, 0.287, 1.199]
[SIM] move_joint_angles -> [-1.188, 0.199, 0.333, 1.188]
[SIM] move_joint_angles -> [-1.177, 0.165, 0.378, 1.177]
[SIM] move_joint_angles -> [-1.166, 0.13, 0.424, 1.166]
[SIM] move_joint_angles -> [-1.156, 0.096, 0.47, 1.156]
[SIM] move_joint_angles -> [-1.145, 0.062, 0.515, 1.145]
[SIM] move_joint_angles -> [-1.134, 0.028, 0.561, 1.134]
[SIM] move_joint_angles -> [-1.123, -0.007, 0.607, 1.123]
[SIM] move_joint_angles -> [-1.112, -0.041, 0.652, 1.112]
[SIM] move_joint_angles -> [-1.101, -0.075, 0.698, 1.101]
[SIM] move_joint_angles -> [-1.09, -0.11, 0.743, 1.09]
[SIM] move_joint_angles -> [-1.079, -0.144, 0.789, 1.079]
[SIM] move_joint_angles -> [-1.068, -0.178, 0.835, 1.068]
[SIM] move_joint_angles -> [-1.057, -0.213, 0.88, 1.057]
[SIM] move_joint_angles -> [-1.046, -0.247, 0.926, 1.046]
[SIM] move_joint_angles -> [-1.035, -0.281, 0.971, 1.035]
[SIM] move_joint_angles -> [-1.024, -0.315, 1.017, 1.024]
[SIM] move_joint_angles -> [-1.013, -0.35, 1.063, 1.013]
[SIM] move_joint_angles -> [-1.003, -0.384, 1.108, 1.003]
[SIM] move_joint_angles -> [-0.992, -0.418, 1.154, 0.992]
[SIM] move_joint_angles -> [-0.981, -0.453, 1.2, 0.981]
[SIM] move_joint_angles -> [-0.97, -0.487, 1.245, 0.97]
[SIM] move_joint_angles -> [-0.959, -0.521, 1.291, 0.959]
[SIM] move_joint_angles -> [-0.948, -0.556, 1.336, 0.948]
[SIM] move_joint_angles -> [-0.937, -0.59, 1.382, 0.937]
[SIM] move_joint_angles -> [-0.926, -0.624, 1.428, 0.926]
[SIM] move_joint_angles -> [-0.915, -0.659, 1.473, 0.915]
[SIM] move_joint_angles -> [-0.915, -0.626, 1.427, 0.915]
[SIM] move_joint_angles -> [-0.915, -0.593, 1.38, 0.915]
[SIM] move_joint_angles -> [-0.915, -0.56, 1.333, 0.915]
[SIM] move_joint_angles -> [-0.915, -0.527, 1.286, 0.915]
[SIM] move_joint_angles -> [-0.915, -0.494, 1.239, 0.915]
[SIM] move_joint_angles -> [-0.915, -0.461, 1.192, 0.915]
[SIM] move_joint_angles -> [-0.915, -0.429, 1.146, 0.915]
[SIM] move_joint_angles -> [-0.915, -0.396, 1.099, 0.915]
[SIM] move_joint_angles -> [-0.915, -0.363, 1.052, 0.915]
[SIM] move_joint_angles -> [-0.915, -0.33, 1.005, 0.915]
[SIM] move_joint_angles -> [-0.915, -0.297, 0.958, 0.915]
[SIM] move_joint_angles -> [-0.915, -0.264, 0.912, 0.915]
[SIM] move_joint_angles -> [-0.915, -0.232, 0.865, 0.915]
[SIM] move_joint_angles -> [-0.915, -0.199, 0.818, 0.915]
[SIM] move_joint_angles -> [-0.915, -0.166, 0.771, 0.915]
[SIM] move_joint_angles -> [-0.915, -0.133, 0.724, 0.915]
[SIM] move_joint_angles -> [-0.915, -0.1, 0.677, 0.915]
[SIM] move_joint_angles -> [-0.915, -0.067, 0.631, 0.915]
[SIM] move_joint_angles -> [-0.915, -0.035, 0.584, 0.915]
[SIM] move_joint_angles -> [-0.915, -0.002, 0.537, 0.915]
[SIM] move_joint_angles -> [-0.915, 0.031, 0.49, 0.915]
[SIM] move_joint_angles -> [-0.915, 0.064, 0.443, 0.915]
[SIM] move_joint_angles -> [-0.915, 0.097, 0.397, 0.915]
[SIM] move_joint_angles -> [-0.915, 0.13, 0.35, 0.915]
[SIM] move_joint_angles -> [-0.915, 0.162, 0.303, 0.915]
[SIM] move_joint_angles -> [-0.915, 0.195, 0.256, 0.915]
[SIM] move_joint_angles -> [-0.915, 0.228, 0.209, 0.915]
[SIM] move_joint_angles -> [-0.915, 0.261, 0.162, 0.915]
[SIM] move_joint_angles -> [-0.915, 0.294, 0.116, 0.915]
[SIM] move_joint_angles -> [-0.915, 0.327, 0.069, 0.915]
[SIM] move_joint_angles -> [-0.915, 0.359, 0.022, 0.915]
[SIM] move_joint_angles -> [-0.915, 0.392, -0.025, 0.915]
[SIM] move_joint_angles -> [-0.915, 0.425, -0.072, 0.915]
[SIM] move_joint_angles -> [-0.915, 0.458, -0.118, 0.915]
[SIM] move_joint_angles -> [-0.915, 0.491, -0.165, 0.915]
[SIM] move_joint_angles -> [-0.915, 0.524, -0.212, 0.915]
[SIM] move_joint_angles -> [-0.915, 0.557, -0.259, 0.915]
[SIM] move_joint_angles -> [-0.915, 0.589, -0.306, 0.915]
[SIM] move_joint_angles -> [-0.915, 0.622, -0.352, 0.915]
[SIM] move_joint_angles -> [-0.915, 0.655, -0.399, 0.915]
[SIM] move_joint_angles -> [-0.915, 0.688, -0.446, 0.915]
[SIM] move_joint_angles -> [-0.915, 0.721, -0.493, 0.915]
[SIM] move_joint_angles -> [-0.915, 0.754, -0.54, 0.915]
[SIM] move_joint_angles -> [-0.915, 0.786, -0.587, 0.915]
[SIM] move_joint_angles -> [-0.915, 0.819, -0.633, 0.915]
[SIM] move_joint_angles -> [-0.915, 0.852, -0.68, 0.915]
[SIM] move_joint_angles -> [-0.915, 0.885, -0.727, 0.915]
[SIM] move_joint_angles -> [-0.915, 0.918, -0.774, 0.915]
[SIM] move_joint_angles -> [-0.915, 0.951, -0.821, 0.915]
[SIM] move_joint_angles -> [-0.915, 0.983, -0.867, 0.915]
[SIM] move_joint_angles -> [-0.915, 1.016, -0.914, 0.915]
[SIM] move_joint_angles -> [-0.915, 1.049, -0.961, 0.915]
[SIM] move_joint_angles -> [-0.915, 1.082, -1.008, 0.915]
[SIM] move_joint_angles -> [-0.915, 1.115, -1.055, 0.915]
[SIM] move_joint_angles -> [-0.915, 1.148, -1.102, 0.915]
[SIM] move_joint_angles -> [-0.915, 1.18, -1.148, 0.915]
[SIM] move_joint_angles -> [-0.915, 1.213, -1.195, 0.915]
[SIM] move_joint_angles -> [-0.915, 1.246, -1.242, 0.915]
[SIM] move_joint_angles -> [-0.915, 1.279, -1.289, 0.915]
[SIM] move_joint_angles -> [-0.915, 1.312, -1.336, 0.915]
[SIM] gripper -> CLOSE
[SIM] move_joint_angles -> [-0.915, 1.279, -1.289, 0.915]
[SIM] move_joint_angles -> [-0.915, 1.246, -1.242, 0.915]
[SIM] move_joint_angles -> [-0.915, 1.213, -1.195, 0.915]
[SIM] move_joint_angles -> [-0.915, 1.18, -1.148, 0.915]
[SIM] move_joint_angles -> [-0.915, 1.148, -1.102, 0.915]
[SIM] move_joint_angles -> [-0.915, 1.115, -1.055, 0.915]
[SIM] move_joint_angles -> [-0.915, 1.082, -1.008, 0.915]
[SIM] move_joint_angles -> [-0.915, 1.049, -0.961, 0.915]
[SIM] move_joint_angles -> [-0.915, 1.016, -0.914, 0.915]
[SIM] move_joint_angles -> [-0.915, 0.983, -0.867, 0.915]
[SIM] move_joint_angles -> [-0.915, 0.951, -0.821, 0.915]
[SIM] move_joint_angles -> [-0.915, 0.918, -0.774, 0.915]
[SIM] move_joint_angles -> [-0.915, 0.885, -0.727, 0.915]
[SIM] move_joint_angles -> [-0.915, 0.852, -0.68, 0.915]
[SIM] move_joint_angles -> [-0.915, 0.819, -0.633, 0.915]
[SIM] move_joint_angles -> [-0.915, 0.786, -0.587, 0.915]
[SIM] move_joint_angles -> [-0.915, 0.754, -0.54, 0.915]
[SIM] move_joint_angles -> [-0.915, 0.721, -0.493, 0.915]
[SIM] move_joint_angles -> [-0.915, 0.688, -0.446, 0.915]
[SIM] move_joint_angles -> [-0.915, 0.655, -0.399, 0.915]
[SIM] move_joint_angles -> [-0.915, 0.622, -0.352, 0.915]
[SIM] move_joint_angles -> [-0.915, 0.589, -0.306, 0.915]
[SIM] move_joint_angles -> [-0.915, 0.557, -0.259, 0.915]
[SIM] move_joint_angles -> [-0.915, 0.524, -0.212, 0.915]
[SIM] move_joint_angles -> [-0.915, 0.491, -0.165, 0.915]
[SIM] move_joint_angles -> [-0.915, 0.458, -0.118, 0.915]
[SIM] move_joint_angles -> [-0.915, 0.425, -0.072, 0.915]
[SIM] move_joint_angles -> [-0.915, 0.392, -0.025, 0.915]
[SIM] move_joint_angles -> [-0.915, 0.359, 0.022, 0.915]
[SIM] move_joint_angles -> [-0.915, 0.327, 0.069, 0.915]
[SIM] move_joint_angles -> [-0.915, 0.294, 0.116, 0.915]
[SIM] move_joint_angles -> [-0.915, 0.261, 0.162, 0.915]
[SIM] move_joint_angles -> [-0.915, 0.228, 0.209, 0.915]
[SIM] move_joint_angles -> [-0.915, 0.195, 0.256, 0.915]
[SIM] move_joint_angles -> [-0.915, 0.162, 0.303, 0.915]
[SIM] move_joint_angles -> [-0.915, 0.13, 0.35, 0.915]
[SIM] move_joint_angles -> [-0.915, 0.097, 0.397, 0.915]
[SIM] move_joint_angles -> [-0.915, 0.064, 0.443, 0.915]
[SIM] move_joint_angles -> [-0.915, 0.031, 0.49, 0.915]
[SIM] move_joint_angles -> [-0.915, -0.002, 0.537, 0.915]
[SIM] move_joint_angles -> [-0.915, -0.035, 0.584, 0.915]
[SIM] move_joint_angles -> [-0.915, -0.067, 0.631, 0.915]
[SIM] move_joint_angles -> [-0.915, -0.1, 0.677, 0.915]
[SIM] move_joint_angles -> [-0.915, -0.133, 0.724, 0.915]
[SIM] move_joint_angles -> [-0.915, -0.166, 0.771, 0.915]
[SIM] move_joint_angles -> [-0.915, -0.199, 0.818, 0.915]
[SIM] move_joint_angles -> [-0.915, -0.232, 0.865, 0.915]
[SIM] move_joint_angles -> [-0.915, -0.264, 0.912, 0.915]
[SIM] move_joint_angles -> [-0.915, -0.297, 0.958, 0.915]
[SIM] move_joint_angles -> [-0.915, -0.33, 1.005, 0.915]
[SIM] move_joint_angles -> [-0.915, -0.363, 1.052, 0.915]
[SIM] move_joint_angles -> [-0.915, -0.396, 1.099, 0.915]
[SIM] move_joint_angles -> [-0.915, -0.429, 1.146, 0.915]
[SIM] move_joint_angles -> [-0.915, -0.461, 1.192, 0.915]
[SIM] move_joint_angles -> [-0.915, -0.494, 1.239, 0.915]
[SIM] move_joint_angles -> [-0.915, -0.527, 1.286, 0.915]
[SIM] move_joint_angles -> [-0.915, -0.56, 1.333, 0.915]
[SIM] move_joint_angles -> [-0.915, -0.593, 1.38, 0.915]
[SIM] move_joint_angles -> [-0.915, -0.626, 1.427, 0.915]
[SIM] move_joint_angles -> [-0.915, -0.659, 1.473, 0.915]
  -> picked, moving to pole at (0.0, -0.3, 0.15)
[SIM] move_joint_angles -> [-0.926, -0.624, 1.428, 0.926]
[SIM] move_joint_angles -> [-0.937, -0.59, 1.382, 0.937]
[SIM] move_joint_angles -> [-0.948, -0.556, 1.336, 0.948]
[SIM] move_joint_angles -> [-0.959, -0.521, 1.291, 0.959]
[SIM] move_joint_angles -> [-0.97, -0.487, 1.245, 0.97]
[SIM] move_joint_angles -> [-0.981, -0.453, 1.2, 0.981]
[SIM] move_joint_angles -> [-0.992, -0.418, 1.154, 0.992]
[SIM] move_joint_angles -> [-1.003, -0.384, 1.108, 1.003]
[SIM] move_joint_angles -> [-1.013, -0.35, 1.063, 1.013]
[SIM] move_joint_angles -> [-1.024, -0.315, 1.017, 1.024]
[SIM] move_joint_angles -> [-1.035, -0.281, 0.971, 1.035]
[SIM] move_joint_angles -> [-1.046, -0.247, 0.926, 1.046]
[SIM] move_joint_angles -> [-1.057, -0.213, 0.88, 1.057]
[SIM] move_joint_angles -> [-1.068, -0.178, 0.835, 1.068]
[SIM] move_joint_angles -> [-1.079, -0.144, 0.789, 1.079]
[SIM] move_joint_angles -> [-1.09, -0.11, 0.743, 1.09]
[SIM] move_joint_angles -> [-1.101, -0.075, 0.698, 1.101]
[SIM] move_joint_angles -> [-1.112, -0.041, 0.652, 1.112]
[SIM] move_joint_angles -> [-1.123, -0.007, 0.607, 1.123]
[SIM] move_joint_angles -> [-1.134, 0.028, 0.561, 1.134]
[SIM] move_joint_angles -> [-1.145, 0.062, 0.515, 1.145]
[SIM] move_joint_angles -> [-1.156, 0.096, 0.47, 1.156]
[SIM] move_joint_angles -> [-1.166, 0.13, 0.424, 1.166]
[SIM] move_joint_angles -> [-1.177, 0.165, 0.378, 1.177]
[SIM] move_joint_angles -> [-1.188, 0.199, 0.333, 1.188]
[SIM] move_joint_angles -> [-1.199, 0.233, 0.287, 1.199]
[SIM] move_joint_angles -> [-1.21, 0.268, 0.242, 1.21]
[SIM] move_joint_angles -> [-1.221, 0.302, 0.196, 1.221]
[SIM] move_joint_angles -> [-1.232, 0.336, 0.15, 1.232]
[SIM] move_joint_angles -> [-1.243, 0.371, 0.105, 1.243]
[SIM] move_joint_angles -> [-1.254, 0.405, 0.059, 1.254]
[SIM] move_joint_angles -> [-1.265, 0.439, 0.013, 1.265]
[SIM] move_joint_angles -> [-1.276, 0.473, -0.032, 1.276]
[SIM] move_joint_angles -> [-1.287, 0.508, -0.078, 1.287]
[SIM] move_joint_angles -> [-1.298, 0.542, -0.123, 1.298]
[SIM] move_joint_angles -> [-1.309, 0.576, -0.169, 1.309]
[SIM] move_joint_angles -> [-1.319, 0.611, -0.215, 1.319]
[SIM] move_joint_angles -> [-1.33, 0.645, -0.26, 1.33]
[SIM] move_joint_angles -> [-1.341, 0.679, -0.306, 1.341]
[SIM] move_joint_angles -> [-1.352, 0.714, -0.352, 1.352]
[SIM] move_joint_angles -> [-1.363, 0.748, -0.397, 1.363]
[SIM] move_joint_angles -> [-1.374, 0.782, -0.443, 1.374]
[SIM] move_joint_angles -> [-1.385, 0.817, -0.488, 1.385]
[SIM] move_joint_angles -> [-1.396, 0.851, -0.534, 1.396]
[SIM] move_joint_angles -> [-1.407, 0.885, -0.58, 1.407]
[SIM] move_joint_angles -> [-1.418, 0.919, -0.625, 1.418]
[SIM] move_joint_angles -> [-1.429, 0.954, -0.671, 1.429]
[SIM] move_joint_angles -> [-1.44, 0.988, -0.717, 1.44]
[SIM] move_joint_angles -> [-1.451, 1.022, -0.762, 1.451]
[SIM] move_joint_angles -> [-1.462, 1.057, -0.808, 1.462]
[SIM] move_joint_angles -> [-1.472, 1.091, -0.853, 1.472]
[SIM] move_joint_angles -> [-1.483, 1.125, -0.899, 1.483]
[SIM] move_joint_angles -> [-1.494, 1.16, -0.945, 1.494]
[SIM] move_joint_angles -> [-1.505, 1.194, -0.99, 1.505]
[SIM] move_joint_angles -> [-1.516, 1.228, -1.036, 1.516]
[SIM] move_joint_angles -> [-1.527, 1.262, -1.081, 1.527]
[SIM] move_joint_angles -> [-1.538, 1.297, -1.127, 1.538]
[SIM] move_joint_angles -> [-1.549, 1.331, -1.173, 1.549]
[SIM] move_joint_angles -> [-1.56, 1.365, -1.218, 1.56]
[SIM] move_joint_angles -> [-1.571, 1.4, -1.264, 1.571]
[SIM] gripper -> OPEN
  -> placed hoop 13
Picking hoop 14/16 at (0.090,-0.230,0.108)
[SIM] move_joint_angles -> [-1.565, 1.372, -1.219, 1.565]
[SIM] move_joint_angles -> [-1.558, 1.344, -1.174, 1.558]
[SIM] move_joint_angles -> [-1.552, 1.317, -1.13, 1.552]
[SIM] move_joint_angles -> [-1.546, 1.289, -1.085, 1.546]
[SIM] move_joint_angles -> [-1.54, 1.262, -1.04, 1.54]
[SIM] move_joint_angles -> [-1.533, 1.234, -0.995, 1.533]
[SIM] move_joint_angles -> [-1.527, 1.206, -0.951, 1.527]
[SIM] move_joint_angles -> [-1.521, 1.179, -0.906, 1.521]
[SIM] move_joint_angles -> [-1.515, 1.151, -0.861, 1.515]
[SIM] move_joint_angles -> [-1.509, 1.124, -0.816, 1.509]
[SIM] move_joint_angles -> [-1.502, 1.096, -0.772, 1.502]
[SIM] move_joint_angles -> [-1.496, 1.068, -0.727, 1.496]
[SIM] move_joint_angles -> [-1.49, 1.041, -0.682, 1.49]
[SIM] move_joint_angles -> [-1.484, 1.013, -0.637, 1.484]
[SIM] move_joint_angles -> [-1.478, 0.985, -0.592, 1.478]
[SIM] move_joint_angles -> [-1.471, 0.958, -0.548, 1.471]
[SIM] move_joint_angles -> [-1.465, 0.93, -0.503, 1.465]
[SIM] move_joint_angles -> [-1.459, 0.903, -0.458, 1.459]
[SIM] move_joint_angles -> [-1.453, 0.875, -0.413, 1.453]
[SIM] move_joint_angles -> [-1.446, 0.847, -0.369, 1.446]
[SIM] move_joint_angles -> [-1.44, 0.82, -0.324, 1.44]
[SIM] move_joint_angles -> [-1.434, 0.792, -0.279, 1.434]
[SIM] move_joint_angles -> [-1.428, 0.764, -0.234, 1.428]
[SIM] move_joint_angles -> [-1.422, 0.737, -0.19, 1.422]
[SIM] move_joint_angles -> [-1.415, 0.709, -0.145, 1.415]
[SIM] move_joint_angles -> [-1.409, 0.682, -0.1, 1.409]
[SIM] move_joint_angles -> [-1.403, 0.654, -0.055, 1.403]
[SIM] move_joint_angles -> [-1.397, 0.626, -0.011, 1.397]
[SIM] move_joint_angles -> [-1.391, 0.599, 0.034, 1.391]
[SIM] move_joint_angles -> [-1.384, 0.571, 0.079, 1.384]
[SIM] move_joint_angles -> [-1.378, 0.544, 0.124, 1.378]
[SIM] move_joint_angles -> [-1.372, 0.516, 0.169, 1.372]
[SIM] move_joint_angles -> [-1.366, 0.488, 0.213, 1.366]
[SIM] move_joint_angles -> [-1.359, 0.461, 0.258, 1.359]
[SIM] move_joint_angles -> [-1.353, 0.433, 0.303, 1.353]
[SIM] move_joint_angles -> [-1.347, 0.405, 0.348, 1.347]
[SIM] move_joint_angles -> [-1.341, 0.378, 0.392, 1.341]
[SIM] move_joint_angles -> [-1.335, 0.35, 0.437, 1.335]
[SIM] move_joint_angles -> [-1.328, 0.323, 0.482, 1.328]
[SIM] move_joint_angles -> [-1.322, 0.295, 0.527, 1.322]
[SIM] move_joint_angles -> [-1.316, 0.267, 0.571, 1.316]
[SIM] move_joint_angles -> [-1.31, 0.24, 0.616, 1.31]
[SIM] move_joint_angles -> [-1.303, 0.212, 0.661, 1.303]
[SIM] move_joint_angles -> [-1.297, 0.185, 0.706, 1.297]
[SIM] move_joint_angles -> [-1.291, 0.157, 0.75, 1.291]
[SIM] move_joint_angles -> [-1.285, 0.129, 0.795, 1.285]
[SIM] move_joint_angles -> [-1.279, 0.102, 0.84, 1.279]
[SIM] move_joint_angles -> [-1.272, 0.074, 0.885, 1.272]
[SIM] move_joint_angles -> [-1.266, 0.046, 0.93, 1.266]
[SIM] move_joint_angles -> [-1.26, 0.019, 0.974, 1.26]
[SIM] move_joint_angles -> [-1.254, -0.009, 1.019, 1.254]
[SIM] move_joint_angles -> [-1.248, -0.036, 1.064, 1.248]
[SIM] move_joint_angles -> [-1.241, -0.064, 1.109, 1.241]
[SIM] move_joint_angles -> [-1.235, -0.092, 1.153, 1.235]
[SIM] move_joint_angles -> [-1.229, -0.119, 1.198, 1.229]
[SIM] move_joint_angles -> [-1.223, -0.147, 1.243, 1.223]
[SIM] move_joint_angles -> [-1.216, -0.174, 1.288, 1.216]
[SIM] move_joint_angles -> [-1.21, -0.202, 1.332, 1.21]
[SIM] move_joint_angles -> [-1.204, -0.23, 1.377, 1.204]
[SIM] move_joint_angles -> [-1.198, -0.257, 1.422, 1.198]
[SIM] move_joint_angles -> [-1.198, -0.237, 1.385, 1.198]
[SIM] move_joint_angles -> [-1.198, -0.216, 1.348, 1.198]
[SIM] move_joint_angles -> [-1.198, -0.195, 1.312, 1.198]
[SIM] move_joint_angles -> [-1.198, -0.175, 1.275, 1.198]
[SIM] move_joint_angles -> [-1.198, -0.154, 1.238, 1.198]
[SIM] move_joint_angles -> [-1.198, -0.134, 1.201, 1.198]
[SIM] move_joint_angles -> [-1.198, -0.113, 1.165, 1.198]
[SIM] move_joint_angles -> [-1.198, -0.092, 1.128, 1.198]
[SIM] move_joint_angles -> [-1.198, -0.072, 1.091, 1.198]
[SIM] move_joint_angles -> [-1.198, -0.051, 1.054, 1.198]
[SIM] move_joint_angles -> [-1.198, -0.031, 1.018, 1.198]
[SIM] move_joint_angles -> [-1.198, -0.01, 0.981, 1.198]
[SIM] move_joint_angles -> [-1.198, 0.011, 0.944, 1.198]
[SIM] move_joint_angles -> [-1.198, 0.031, 0.907, 1.198]
[SIM] move_joint_angles -> [-1.198, 0.052, 0.871, 1.198]
[SIM] move_joint_angles -> [-1.198, 0.072, 0.834, 1.198]
[SIM] move_joint_angles -> [-1.198, 0.093, 0.797, 1.198]
[SIM] move_joint_angles -> [-1.198, 0.114, 0.76, 1.198]
[SIM] move_joint_angles -> [-1.198, 0.134, 0.724, 1.198]
[SIM] move_joint_angles -> [-1.198, 0.155, 0.687, 1.198]
[SIM] move_joint_angles -> [-1.198, 0.175, 0.65, 1.198]
[SIM] move_joint_angles -> [-1.198, 0.196, 0.613, 1.198]
[SIM] move_joint_angles -> [-1.198, 0.217, 0.577, 1.198]
[SIM] move_joint_angles -> [-1.198, 0.237, 0.54, 1.198]
[SIM] move_joint_angles -> [-1.198, 0.258, 0.503, 1.198]
[SIM] move_joint_angles -> [-1.198, 0.278, 0.466, 1.198]
[SIM] move_joint_angles -> [-1.198, 0.299, 0.43, 1.198]
[SIM] move_joint_angles -> [-1.198, 0.32, 0.393, 1.198]
[SIM] move_joint_angles -> [-1.198, 0.34, 0.356, 1.198]
[SIM] move_joint_angles -> [-1.198, 0.361, 0.319, 1.198]
[SIM] move_joint_angles -> [-1.198, 0.382, 0.283, 1.198]
[SIM] move_joint_angles -> [-1.198, 0.402, 0.246, 1.198]
[SIM] move_joint_angles -> [-1.198, 0.423, 0.209, 1.198]
[SIM] move_joint_angles -> [-1.198, 0.443, 0.172, 1.198]
[SIM] move_joint_angles -> [-1.198, 0.464, 0.135, 1.198]
[SIM] move_joint_angles -> [-1.198, 0.485, 0.099, 1.198]
[SIM] move_joint_angles -> [-1.198, 0.505, 0.062, 1.198]
[SIM] move_joint_angles -> [-1.198, 0.526, 0.025, 1.198]
[SIM] move_joint_angles -> [-1.198, 0.546, -0.012, 1.198]
[SIM] move_joint_angles -> [-1.198, 0.567, -0.048, 1.198]
[SIM] move_joint_angles -> [-1.198, 0.588, -0.085, 1.198]
[SIM] move_joint_angles -> [-1.198, 0.608, -0.122, 1.198]
[SIM] move_joint_angles -> [-1.198, 0.629, -0.159, 1.198]
[SIM] move_joint_angles -> [-1.198, 0.649, -0.195, 1.198]
[SIM] move_joint_angles -> [-1.198, 0.67, -0.232, 1.198]
[SIM] move_joint_angles -> [-1.198, 0.691, -0.269, 1.198]
[SIM] move_joint_angles -> [-1.198, 0.711, -0.306, 1.198]
[SIM] move_joint_angles -> [-1.198, 0.732, -0.342, 1.198]
[SIM] move_joint_angles -> [-1.198, 0.752, -0.379, 1.198]
[SIM] move_joint_angles -> [-1.198, 0.773, -0.416, 1.198]
[SIM] move_joint_angles -> [-1.198, 0.794, -0.453, 1.198]
[SIM] move_joint_angles -> [-1.198, 0.814, -0.489, 1.198]
[SIM] move_joint_angles -> [-1.198, 0.835, -0.526, 1.198]
[SIM] move_joint_angles -> [-1.198, 0.855, -0.563, 1.198]
[SIM] move_joint_angles -> [-1.198, 0.876, -0.6, 1.198]
[SIM] move_joint_angles -> [-1.198, 0.897, -0.636, 1.198]
[SIM] move_joint_angles -> [-1.198, 0.917, -0.673, 1.198]
[SIM] move_joint_angles -> [-1.198, 0.938, -0.71, 1.198]
[SIM] move_joint_angles -> [-1.198, 0.959, -0.747, 1.198]
[SIM] move_joint_angles -> [-1.198, 0.979, -0.783, 1.198]
[SIM] gripper -> CLOSE
[SIM] move_joint_angles -> [-1.198, 0.959, -0.747, 1.198]
[SIM] move_joint_angles -> [-1.198, 0.938, -0.71, 1.198]
[SIM] move_joint_angles -> [-1.198, 0.917, -0.673, 1.198]
[SIM] move_joint_angles -> [-1.198, 0.897, -0.636, 1.198]
[SIM] move_joint_angles -> [-1.198, 0.876, -0.6, 1.198]
[SIM] move_joint_angles -> [-1.198, 0.855, -0.563, 1.198]
[SIM] move_joint_angles -> [-1.198, 0.835, -0.526, 1.198]
[SIM] move_joint_angles -> [-1.198, 0.814, -0.489, 1.198]
[SIM] move_joint_angles -> [-1.198, 0.794, -0.453, 1.198]
[SIM] move_joint_angles -> [-1.198, 0.773, -0.416, 1.198]
[SIM] move_joint_angles -> [-1.198, 0.752, -0.379, 1.198]
[SIM] move_joint_angles -> [-1.198, 0.732, -0.342, 1.198]
[SIM] move_joint_angles -> [-1.198, 0.711, -0.306, 1.198]
[SIM] move_joint_angles -> [-1.198, 0.691, -0.269, 1.198]
[SIM] move_joint_angles -> [-1.198, 0.67, -0.232, 1.198]
[SIM] move_joint_angles -> [-1.198, 0.649, -0.195, 1.198]
[SIM] move_joint_angles -> [-1.198, 0.629, -0.159, 1.198]
[SIM] move_joint_angles -> [-1.198, 0.608, -0.122, 1.198]
[SIM] move_joint_angles -> [-1.198, 0.588, -0.085, 1.198]
[SIM] move_joint_angles -> [-1.198, 0.567, -0.048, 1.198]
[SIM] move_joint_angles -> [-1.198, 0.546, -0.012, 1.198]
[SIM] move_joint_angles -> [-1.198, 0.526, 0.025, 1.198]
[SIM] move_joint_angles -> [-1.198, 0.505, 0.062, 1.198]
[SIM] move_joint_angles -> [-1.198, 0.485, 0.099, 1.198]
[SIM] move_joint_angles -> [-1.198, 0.464, 0.135, 1.198]
[SIM] move_joint_angles -> [-1.198, 0.443, 0.172, 1.198]
[SIM] move_joint_angles -> [-1.198, 0.423, 0.209, 1.198]
[SIM] move_joint_angles -> [-1.198, 0.402, 0.246, 1.198]
[SIM] move_joint_angles -> [-1.198, 0.382, 0.283, 1.198]
[SIM] move_joint_angles -> [-1.198, 0.361, 0.319, 1.198]
[SIM] move_joint_angles -> [-1.198, 0.34, 0.356, 1.198]
[SIM] move_joint_angles -> [-1.198, 0.32, 0.393, 1.198]
[SIM] move_joint_angles -> [-1.198, 0.299, 0.43, 1.198]
[SIM] move_joint_angles -> [-1.198, 0.278, 0.466, 1.198]
[SIM] move_joint_angles -> [-1.198, 0.258, 0.503, 1.198]
[SIM] move_joint_angles -> [-1.198, 0.237, 0.54, 1.198]
[SIM] move_joint_angles -> [-1.198, 0.217, 0.577, 1.198]
[SIM] move_joint_angles -> [-1.198, 0.196, 0.613, 1.198]
[SIM] move_joint_angles -> [-1.198, 0.175, 0.65, 1.198]
[SIM] move_joint_angles -> [-1.198, 0.155, 0.687, 1.198]
[SIM] move_joint_angles -> [-1.198, 0.134, 0.724, 1.198]
[SIM] move_joint_angles -> [-1.198, 0.114, 0.76, 1.198]
[SIM] move_joint_angles -> [-1.198, 0.093, 0.797, 1.198]
[SIM] move_joint_angles -> [-1.198, 0.072, 0.834, 1.198]
[SIM] move_joint_angles -> [-1.198, 0.052, 0.871, 1.198]
[SIM] move_joint_angles -> [-1.198, 0.031, 0.907, 1.198]
[SIM] move_joint_angles -> [-1.198, 0.011, 0.944, 1.198]
[SIM] move_joint_angles -> [-1.198, -0.01, 0.981, 1.198]
[SIM] move_joint_angles -> [-1.198, -0.031, 1.018, 1.198]
[SIM] move_joint_angles -> [-1.198, -0.051, 1.054, 1.198]
[SIM] move_joint_angles -> [-1.198, -0.072, 1.091, 1.198]
[SIM] move_joint_angles -> [-1.198, -0.092, 1.128, 1.198]
[SIM] move_joint_angles -> [-1.198, -0.113, 1.165, 1.198]
[SIM] move_joint_angles -> [-1.198, -0.134, 1.201, 1.198]
[SIM] move_joint_angles -> [-1.198, -0.154, 1.238, 1.198]
[SIM] move_joint_angles -> [-1.198, -0.175, 1.275, 1.198]
[SIM] move_joint_angles -> [-1.198, -0.195, 1.312, 1.198]
[SIM] move_joint_angles -> [-1.198, -0.216, 1.348, 1.198]
[SIM] move_joint_angles -> [-1.198, -0.237, 1.385, 1.198]
[SIM] move_joint_angles -> [-1.198, -0.257, 1.422, 1.198]
  -> picked, moving to pole at (0.0, -0.3, 0.15)
[SIM] move_joint_angles -> [-1.204, -0.23, 1.377, 1.204]
[SIM] move_joint_angles -> [-1.21, -0.202, 1.332, 1.21]
[SIM] move_joint_angles -> [-1.216, -0.174, 1.288, 1.216]
[SIM] move_joint_angles -> [-1.223, -0.147, 1.243, 1.223]
[SIM] move_joint_angles -> [-1.229, -0.119, 1.198, 1.229]
[SIM] move_joint_angles -> [-1.235, -0.092, 1.153, 1.235]
[SIM] move_joint_angles -> [-1.241, -0.064, 1.109, 1.241]
[SIM] move_joint_angles -> [-1.248, -0.036, 1.064, 1.248]
[SIM] move_joint_angles -> [-1.254, -0.009, 1.019, 1.254]
[SIM] move_joint_angles -> [-1.26, 0.019, 0.974, 1.26]
[SIM] move_joint_angles -> [-1.266, 0.046, 0.93, 1.266]
[SIM] move_joint_angles -> [-1.272, 0.074, 0.885, 1.272]
[SIM] move_joint_angles -> [-1.279, 0.102, 0.84, 1.279]
[SIM] move_joint_angles -> [-1.285, 0.129, 0.795, 1.285]
[SIM] move_joint_angles -> [-1.291, 0.157, 0.75, 1.291]
[SIM] move_joint_angles -> [-1.297, 0.185, 0.706, 1.297]
[SIM] move_joint_angles -> [-1.303, 0.212, 0.661, 1.303]
[SIM] move_joint_angles -> [-1.31, 0.24, 0.616, 1.31]
[SIM] move_joint_angles -> [-1.316, 0.267, 0.571, 1.316]
[SIM] move_joint_angles -> [-1.322, 0.295, 0.527, 1.322]
[SIM] move_joint_angles -> [-1.328, 0.323, 0.482, 1.328]
[SIM] move_joint_angles -> [-1.335, 0.35, 0.437, 1.335]
[SIM] move_joint_angles -> [-1.341, 0.378, 0.392, 1.341]
[SIM] move_joint_angles -> [-1.347, 0.405, 0.348, 1.347]
[SIM] move_joint_angles -> [-1.353, 0.433, 0.303, 1.353]
[SIM] move_joint_angles -> [-1.359, 0.461, 0.258, 1.359]
[SIM] move_joint_angles -> [-1.366, 0.488, 0.213, 1.366]
[SIM] move_joint_angles -> [-1.372, 0.516, 0.169, 1.372]
[SIM] move_joint_angles -> [-1.378, 0.544, 0.124, 1.378]
[SIM] move_joint_angles -> [-1.384, 0.571, 0.079, 1.384]
[SIM] move_joint_angles -> [-1.391, 0.599, 0.034, 1.391]
[SIM] move_joint_angles -> [-1.397, 0.626, -0.011, 1.397]
[SIM] move_joint_angles -> [-1.403, 0.654, -0.055, 1.403]
[SIM] move_joint_angles -> [-1.409, 0.682, -0.1, 1.409]
[SIM] move_joint_angles -> [-1.415, 0.709, -0.145, 1.415]
[SIM] move_joint_angles -> [-1.422, 0.737, -0.19, 1.422]
[SIM] move_joint_angles -> [-1.428, 0.764, -0.234, 1.428]
[SIM] move_joint_angles -> [-1.434, 0.792, -0.279, 1.434]
[SIM] move_joint_angles -> [-1.44, 0.82, -0.324, 1.44]
[SIM] move_joint_angles -> [-1.446, 0.847, -0.369, 1.446]
[SIM] move_joint_angles -> [-1.453, 0.875, -0.413, 1.453]
[SIM] move_joint_angles -> [-1.459, 0.903, -0.458, 1.459]
[SIM] move_joint_angles -> [-1.465, 0.93, -0.503, 1.465]
[SIM] move_joint_angles -> [-1.471, 0.958, -0.548, 1.471]
[SIM] move_joint_angles -> [-1.478, 0.985, -0.592, 1.478]
[SIM] move_joint_angles -> [-1.484, 1.013, -0.637, 1.484]
[SIM] move_joint_angles -> [-1.49, 1.041, -0.682, 1.49]
[SIM] move_joint_angles -> [-1.496, 1.068, -0.727, 1.496]
[SIM] move_joint_angles -> [-1.502, 1.096, -0.772, 1.502]
[SIM] move_joint_angles -> [-1.509, 1.124, -0.816, 1.509]
[SIM] move_joint_angles -> [-1.515, 1.151, -0.861, 1.515]
[SIM] move_joint_angles -> [-1.521, 1.179, -0.906, 1.521]
[SIM] move_joint_angles -> [-1.527, 1.206, -0.951, 1.527]
[SIM] move_joint_angles -> [-1.533, 1.234, -0.995, 1.533]
[SIM] move_joint_angles -> [-1.54, 1.262, -1.04, 1.54]
[SIM] move_joint_angles -> [-1.546, 1.289, -1.085, 1.546]
[SIM] move_joint_angles -> [-1.552, 1.317, -1.13, 1.552]
[SIM] move_joint_angles -> [-1.558, 1.344, -1.174, 1.558]
[SIM] move_joint_angles -> [-1.565, 1.372, -1.219, 1.565]
[SIM] move_joint_angles -> [-1.571, 1.4, -1.264, 1.571]
[SIM] gripper -> OPEN
  -> placed hoop 14
Picking hoop 15/16 at (0.280,-0.370,0.108)
  -> unreachable, skipping
Picking hoop 16/16 at (0.125,-0.370,0.108)
  -> unreachable, skipping
Done: placed None hoops.
